Archive member included to satisfy reference by file (symbol)

C:/nxp/MCUXpressoIDE_24.12.148/ide/plugins/com.nxp.mcuxpresso.tools.win32_24.12.0.202407110909/tools/bin/../lib/gcc/arm-none-eabi/13.2.1/../../../../arm-none-eabi/lib/thumb/v8-m.main+fp/hard\libcr_nohost_nf.a(_cr__main.o)
                              ./startup/startup_mcxn947_cm33_core0.o (__main)
C:/nxp/MCUXpressoIDE_24.12.148/ide/plugins/com.nxp.mcuxpresso.tools.win32_24.12.0.202407110909/tools/bin/../lib/gcc/arm-none-eabi/13.2.1/../../../../arm-none-eabi/lib/thumb/v8-m.main+fp/hard\libcr_c.a(memset.o)
                              ./source/sdcard_fatfs.o (memset)
C:/nxp/MCUXpressoIDE_24.12.148/ide/plugins/com.nxp.mcuxpresso.tools.win32_24.12.0.202407110909/tools/bin/../lib/gcc/arm-none-eabi/13.2.1/../../../../arm-none-eabi/lib/thumb/v8-m.main+fp/hard\libcr_c.a(alloc.o)
                              ./drivers/fsl_common.o (malloc)
C:/nxp/MCUXpressoIDE_24.12.148/ide/plugins/com.nxp.mcuxpresso.tools.win32_24.12.0.202407110909/tools/bin/../lib/gcc/arm-none-eabi/13.2.1/../../../../arm-none-eabi/lib/thumb/v8-m.main+fp/hard\libcr_c.a(errno.o)
                              ./utilities/str/fsl_str.o (errno)
C:/nxp/MCUXpressoIDE_24.12.148/ide/plugins/com.nxp.mcuxpresso.tools.win32_24.12.0.202407110909/tools/bin/../lib/gcc/arm-none-eabi/13.2.1/../../../../arm-none-eabi/lib/thumb/v8-m.main+fp/hard\libcr_c.a(initio.o)
                              C:/nxp/MCUXpressoIDE_24.12.148/ide/plugins/com.nxp.mcuxpresso.tools.win32_24.12.0.202407110909/tools/bin/../lib/gcc/arm-none-eabi/13.2.1/../../../../arm-none-eabi/lib/thumb/v8-m.main+fp/hard\libcr_nohost_nf.a(_cr__main.o) (_initio)
C:/nxp/MCUXpressoIDE_24.12.148/ide/plugins/com.nxp.mcuxpresso.tools.win32_24.12.0.202407110909/tools/bin/../lib/gcc/arm-none-eabi/13.2.1/../../../../arm-none-eabi/lib/thumb/v8-m.main+fp/hard\libcr_c.a(memcmp.o)
                              ./source/sdcard_fatfs.o (memcmp)
C:/nxp/MCUXpressoIDE_24.12.148/ide/plugins/com.nxp.mcuxpresso.tools.win32_24.12.0.202407110909/tools/bin/../lib/gcc/arm-none-eabi/13.2.1/../../../../arm-none-eabi/lib/thumb/v8-m.main+fp/hard\libcr_c.a(scanf.o)
                              ./utilities/str/fsl_str.o (strtoul)
C:/nxp/MCUXpressoIDE_24.12.148/ide/plugins/com.nxp.mcuxpresso.tools.win32_24.12.0.202407110909/tools/bin/../lib/gcc/arm-none-eabi/13.2.1/../../../../arm-none-eabi/lib/thumb/v8-m.main+fp/hard\libcr_c.a(setvbuf.o)
                              C:/nxp/MCUXpressoIDE_24.12.148/ide/plugins/com.nxp.mcuxpresso.tools.win32_24.12.0.202407110909/tools/bin/../lib/gcc/arm-none-eabi/13.2.1/../../../../arm-none-eabi/lib/thumb/v8-m.main+fp/hard\libcr_c.a(initio.o) (setvbuf)
C:/nxp/MCUXpressoIDE_24.12.148/ide/plugins/com.nxp.mcuxpresso.tools.win32_24.12.0.202407110909/tools/bin/../lib/gcc/arm-none-eabi/13.2.1/../../../../arm-none-eabi/lib/thumb/v8-m.main+fp/hard\libcr_c.a(strchr.o)
                              ./fatfs/source/ff.o (strchr)
C:/nxp/MCUXpressoIDE_24.12.148/ide/plugins/com.nxp.mcuxpresso.tools.win32_24.12.0.202407110909/tools/bin/../lib/gcc/arm-none-eabi/13.2.1/../../../../arm-none-eabi/lib/thumb/v8-m.main+fp/hard\libcr_c.a(strlen.o)
                              ./utilities/str/fsl_str.o (strlen)
C:/nxp/MCUXpressoIDE_24.12.148/ide/plugins/com.nxp.mcuxpresso.tools.win32_24.12.0.202407110909/tools/bin/../lib/gcc/arm-none-eabi/13.2.1/../../../../arm-none-eabi/lib/thumb/v8-m.main+fp/hard\libcr_c.a(ungetc.o)
                              C:/nxp/MCUXpressoIDE_24.12.148/ide/plugins/com.nxp.mcuxpresso.tools.win32_24.12.0.202407110909/tools/bin/../lib/gcc/arm-none-eabi/13.2.1/../../../../arm-none-eabi/lib/thumb/v8-m.main+fp/hard\libcr_c.a(scanf.o) (ungetc)
C:/nxp/MCUXpressoIDE_24.12.148/ide/plugins/com.nxp.mcuxpresso.tools.win32_24.12.0.202407110909/tools/bin/../lib/gcc/arm-none-eabi/13.2.1/../../../../arm-none-eabi/lib/thumb/v8-m.main+fp/hard\libcr_c.a(__fillbuf.o)
                              C:/nxp/MCUXpressoIDE_24.12.148/ide/plugins/com.nxp.mcuxpresso.tools.win32_24.12.0.202407110909/tools/bin/../lib/gcc/arm-none-eabi/13.2.1/../../../../arm-none-eabi/lib/thumb/v8-m.main+fp/hard\libcr_c.a(scanf.o) (__filbuf)
C:/nxp/MCUXpressoIDE_24.12.148/ide/plugins/com.nxp.mcuxpresso.tools.win32_24.12.0.202407110909/tools/bin/../lib/gcc/arm-none-eabi/13.2.1/../../../../arm-none-eabi/lib/thumb/v8-m.main+fp/hard\libcr_c.a(__init_alloc.o)
                              C:/nxp/MCUXpressoIDE_24.12.148/ide/plugins/com.nxp.mcuxpresso.tools.win32_24.12.0.202407110909/tools/bin/../lib/gcc/arm-none-eabi/13.2.1/../../../../arm-none-eabi/lib/thumb/v8-m.main+fp/hard\libcr_c.a(alloc.o) (__heaps)
C:/nxp/MCUXpressoIDE_24.12.148/ide/plugins/com.nxp.mcuxpresso.tools.win32_24.12.0.202407110909/tools/bin/../lib/gcc/arm-none-eabi/13.2.1/../../../../arm-none-eabi/lib/thumb/v8-m.main+fp/hard\libcr_c.a(_cr_sbrk.o)
[...]
Memory Configuration

Name             Origin             Length             Attributes
PROGRAM_FLASH0   0x00000000         0x00100000         xr
PROGRAM_FLASH1   0x00100000         0x00100000         xr
SRAM             0x20000000         0x00060000         xrw
SRAMX            0x04000000         0x00018000         xrw
SRAMH            0x20060000         0x00008000         xrw
USB_RAM          0x400ba000         0x00001000         xrw
*default*        0x00000000         0xffffffff

Linker script and memory map

LOAD ./utilities/str/fsl_str.o
LOAD ./utilities/debug_console_lite/fsl_debug_console.o
LOAD ./utilities/fsl_assert.o
LOAD ./utilities/fsl_memcpy.o
LOAD ./startup/boot_multicore_slave.o
LOAD ./startup/startup_mcxn947_cm33_core0.o
LOAD ./source/sdcard_fatfs.o
LOAD ./source/sdmmc_config.o
LOAD ./source/semihost_hardfault.o
LOAD ./sdmmc/sd/fsl_sd.o
LOAD ./sdmmc/osa/fsl_sdmmc_osa.o
LOAD ./sdmmc/host/usdhc/non_blocking/fsl_sdmmc_host.o
LOAD ./sdmmc/common/fsl_sdmmc_common.o
LOAD ./fatfs/source/fsl_sd_disk/fsl_sd_disk.o
LOAD ./fatfs/source/diskio.o
LOAD ./fatfs/source/ff.o
LOAD ./fatfs/source/ffsystem.o
LOAD ./fatfs/source/ffunicode.o
LOAD ./drivers/fsl_clock.o
LOAD ./drivers/fsl_common.o
LOAD ./drivers/fsl_common_arm.o
LOAD ./drivers/fsl_gpio.o
LOAD ./drivers/fsl_lpflexcomm.o
LOAD ./drivers/fsl_lpuart.o
LOAD ./drivers/fsl_reset.o
LOAD ./drivers/fsl_spc.o
LOAD ./drivers/fsl_usdhc.o
LOAD ./device/system_MCXN947_cm33_core0.o
LOAD ./component/uart/fsl_adapter_lpuart.o
LOAD ./component/osa/fsl_os_abstraction_bm.o
LOAD ./component/lists/fsl_component_generic_list.o
LOAD ./component/gpio/fsl_adapter_gpio.o
LOAD ./board/board.o
LOAD ./board/clock_config.o
LOAD ./board/hardware_init.o
LOAD ./board/pin_mux.o
START GROUP
LOAD C:/nxp/MCUXpressoIDE_24.12.148/ide/plugins/com.nxp.mcuxpresso.tools.win32_24.12.0.202407110909/tools/bin/../lib/gcc/arm-none-eabi/13.2.1/../../../../arm-none-eabi/lib/thumb/v8-m.main+fp/hard\libcr_nohost_nf.a
LOAD C:/nxp/MCUXpressoIDE_24.12.148/ide/plugins/com.nxp.mcuxpresso.tools.win32_24.12.0.202407110909/tools/bin/../lib/gcc/arm-none-eabi/13.2.1/../../../../arm-none-eabi/lib/thumb/v8-m.main+fp/hard\libcr_c.a
LOAD C:/nxp/MCUXpressoIDE_24.12.148/ide/plugins/com.nxp.mcuxpresso.tools.win32_24.12.0.202407110909/tools/bin/../lib/gcc/arm-none-eabi/13.2.1/thumb/v8-m.main+fp/hard\libcr_eabihelpers.a
LOAD C:/nxp/MCUXpressoIDE_24.12.148/ide/plugins/com.nxp.mcuxpresso.tools.win32_24.12.0.202407110909/tools/bin/../lib/gcc/arm-none-eabi/13.2.1/thumb/v8-m.main+fp/hard\libgcc.a
END GROUP
                0x00000000                        __base_PROGRAM_FLASH0 = 0x0
                0x00000000                        __base_Flash = 0x0
                0x00100000                        __top_PROGRAM_FLASH0 = 0x100000
                0x00100000                        __top_Flash = 0x100000
                0x00100000                        __base_PROGRAM_FLASH1 = 0x100000
                0x00100000                        __base_Flash2 = 0x100000
                0x00200000                        __top_PROGRAM_FLASH1 = 0x200000
                0x00200000                        __top_Flash2 = 0x200000
                0x20000000                        __base_SRAM = 0x20000000
                0x20000000                        __base_RAM = 0x20000000
                0x20060000                        __top_SRAM = 0x20060000
                0x20060000                        __top_RAM = 0x20060000
                0x04000000                        __base_SRAMX = 0x4000000
                0x04000000                        __base_RAM2 = 0x4000000
                0x04018000                        __top_SRAMX = 0x4018000
                0x04018000                        __top_RAM2 = 0x4018000
                0x20060000                        __base_SRAMH = 0x20060000
                0x20060000                        __base_RAM3 = 0x20060000
                0x20068000                        __top_SRAMH = 0x20068000
                0x20068000                        __top_RAM3 = 0x20068000
                0x400ba000                        __base_USB_RAM = 0x400ba000
                0x400ba000                        __base_RAM4 = 0x400ba000
                0x400bb000                        __top_USB_RAM = 0x400bb000
                0x400bb000                        __top_RAM4 = 0x400bb000

.text_Flash2    0x00100000        0x0
 FILL mask 0xff
 *(SORT_BY_ALIGNMENT(.text_Flash2))
 *(SORT_BY_ALIGNMENT(.text_PROGRAM_FLASH1))
 *(SORT_BY_ALIGNMENT(.text.$Flash2))
 *(SORT_BY_ALIGNMENT(.text.$PROGRAM_FLASH1))
 *(SORT_BY_ALIGNMENT(.text_Flash2.*))
 *(SORT_BY_ALIGNMENT(.text_PROGRAM_FLASH1.*))
 *(SORT_BY_ALIGNMENT(.text.$Flash2.*))
 *(SORT_BY_ALIGNMENT(.text.$PROGRAM_FLASH1.*))
 *(SORT_BY_ALIGNMENT(.rodata.$Flash2))
 *(SORT_BY_ALIGNMENT(.rodata.$PROGRAM_FLASH1))
 *(SORT_BY_ALIGNMENT(.rodata.$Flash2.*))
 *(SORT_BY_ALIGNMENT(.rodata.$PROGRAM_FLASH1.*))

.text           0x00000000     0xefc4
 FILL mask 0xff
                0x00000000                        __vectors_start__ = ABSOLUTE (.)
 *(SORT_BY_ALIGNMENT(.isr_vector))
 .isr_vector    0x00000000      0x2b0 ./startup/startup_mcxn947_cm33_core0.o
                0x00000000                g_pfnVectors
                0x00000000                __Vectors
                0x000002b0                        . = ALIGN (0x4)
                0x000002b0                        __section_table_start = .
                0x000002b0                        __data_section_table = .
                0x000002b0        0x4 LONG 0xefc4 LOADADDR (.data)
                0x000002b4        0x4 LONG 0x20000000 ADDR (.data)
                0x000002b8        0x4 LONG 0xc SIZEOF (.data)
                0x000002bc        0x4 LONG 0xefc4 LOADADDR (.data_RAM2)
                0x000002c0        0x4 LONG 0x4000000 ADDR (.data_RAM2)
                0x000002c4        0x4 LONG 0x0 SIZEOF (.data_RAM2)
                0x000002c8        0x4 LONG 0xefc4 LOADADDR (.data_RAM3)
                0x000002cc        0x4 LONG 0x20060000 ADDR (.data_RAM3)
                0x000002d0        0x4 LONG 0x0 SIZEOF (.data_RAM3)
                0x000002d4        0x4 LONG 0xefc4 LOADADDR (.data_RAM4)
                0x000002d8        0x4 LONG 0x400ba000 ADDR (.data_RAM4)
                0x000002dc        0x4 LONG 0x0 SIZEOF (.data_RAM4)
                0x000002e0                        __data_section_table_end = .
                0x000002e0                        __bss_section_table = .
                0x000002e0        0x4 LONG 0x20000020 ADDR (.bss)
                0x000002e4        0x4 LONG 0xe90 SIZEOF (.bss)
                0x000002e8        0x4 LONG 0x4000000 ADDR (.bss_RAM2)
                0x000002ec        0x4 LONG 0x0 SIZEOF (.bss_RAM2)
                0x000002f0        0x4 LONG 0x20060000 ADDR (.bss_RAM3)
                0x000002f4        0x4 LONG 0x0 SIZEOF (.bss_RAM3)
                0x000002f8        0x4 LONG 0x400ba000 ADDR (.bss_RAM4)
                0x000002fc        0x4 LONG 0x0 SIZEOF (.bss_RAM4)
                0x00000300                        __bss_section_table_end = .
                0x00000300                        __section_table_end = .
 *(SORT_BY_ALIGNMENT(.after_vectors*))
 .after_vectors.reset
                0x00000300       0x68 ./startup/startup_mcxn947_cm33_core0.o
                0x00000300                ResetISR
 .after_vectors.init_data
                0x00000368       0x1e ./startup/startup_mcxn947_cm33_core0.o
                0x00000368                data_init
 .after_vectors.init_bss
                0x00000386       0x12 ./startup/startup_mcxn947_cm33_core0.o
                0x00000386                bss_init
 .after_vectors
                0x00000398       0x16 ./startup/startup_mcxn947_cm33_core0.o
                0x00000398                NMI_Handler
                0x0000039c                MemManage_Handler
                0x0000039e                BusFault_Handler
                0x000003a0                UsageFault_Handler
                0x000003a2                SecureFault_Handler
                0x000003a4                SVC_Handler
                0x000003a6                DebugMon_Handler
                0x000003a8                PendSV_Handler
                0x000003aa                SysTick_Handler
                0x000003ac                PKC_ERR_DriverIRQHandler
                0x000003ac                QDC1_HOME_DriverIRQHandler
                0x000003ac                EDMA_0_CH5_DriverIRQHandler
                0x000003ac                EDMA_0_CH14_DriverIRQHandler
                0x000003ac                EDMA_1_CH0_DriverIRQHandler
                0x000003ac                I3C0_DriverIRQHandler
                0x000003ac                CMC0_DriverIRQHandler
                0x000003ac                EDMA_0_CH15_DriverIRQHandler
                0x000003ac                LPTMR0_DriverIRQHandler
                0x000003ac                EDMA_0_CH2_DriverIRQHandler
                0x000003ac                USB0_FS_DriverIRQHandler
                0x000003ac                FLEXPWM1_SUBMODULE1_DriverIRQHandler
                0x000003ac                FLEXPWM0_SUBMODULE1_DriverIRQHandler
                0x000003ac                SCG_DriverIRQHandler
                0x000003ac                EDMA_1_CH13_DriverIRQHandler
                0x000003ac                EDMA_1_CH11_DriverIRQHandler
                0x000003ac                FLEXPWM0_RELOAD_ERROR_DriverIRQHandler
                0x000003ac                QDC0_HOME_DriverIRQHandler
                0x000003ac                Reserved167_DriverIRQHandler
                0x000003ac                EDMA_1_CH9_DriverIRQHandler
                0x000003ac                SEC_VIO_DriverIRQHandler
                0x000003ac                ERM_MULTI_BIT_ERROR_DriverIRQHandler
                0x000003ac                EWM0_DriverIRQHandler
                0x000003ac                PKC_DriverIRQHandler
                0x000003ac                EDMA_0_CH10_DriverIRQHandler
                0x000003ac                USB1_HS_PHY_DriverIRQHandler
                0x000003ac                QDC0_IDX_DriverIRQHandler
                0x000003ac                ELS_DriverIRQHandler
                0x000003ac                Reserved166_DriverIRQHandler
                0x000003ac                EDMA_1_CH2_DriverIRQHandler
                0x000003ac                ETHERNET_DriverIRQHandler
                0x000003ac                QDC1_IDX_DriverIRQHandler
                0x000003ac                EDMA_1_CH14_DriverIRQHandler
                0x000003ac                FLEXPWM1_SUBMODULE3_DriverIRQHandler
                0x000003ac                EDMA_1_CH7_DriverIRQHandler
                0x000003ac                EDMA_1_CH6_DriverIRQHandler
                0x000003ac                DAC1_DriverIRQHandler
                0x000003ac                CTIMER2_DriverIRQHandler
                0x000003ac                EMVSIM0_DriverIRQHandler
                0x000003ac                WWDT1_DriverIRQHandler
                0x000003ac                EDMA_0_CH9_DriverIRQHandler
                0x000003ac                ETB0_DriverIRQHandler
                0x000003ac                Freqme_DriverIRQHandler
                0x000003ac                Reserved80_DriverIRQHandler
                0x000003ac                IntDefaultHandler
                0x000003ac                ELS_ERR_DriverIRQHandler
                0x000003ac                FLEXIO_DriverIRQHandler
                0x000003ac                DAC0_DriverIRQHandler
                0x000003ac                MRT0_DriverIRQHandler
                0x000003ac                UTICK0_DriverIRQHandler
                0x000003ac                FLEXPWM0_SUBMODULE2_DriverIRQHandler
                0x000003ac                EDMA_0_CH3_DriverIRQHandler
                0x000003ac                WWDT0_DriverIRQHandler
                0x000003ac                EDMA_0_CH4_DriverIRQHandler
                0x000003ac                CTIMER4_DriverIRQHandler
                0x000003ac                BSP32_DriverIRQHandler
                0x000003ac                FLEXPWM0_FAULT_DriverIRQHandler
                0x000003ac                EDMA_1_CH1_DriverIRQHandler
                0x000003ac                SAI1_DriverIRQHandler
                0x000003ac                ERM_SINGLE_BIT_ERROR_DriverIRQHandler
                0x000003ac                FLEXPWM1_FAULT_DriverIRQHandler
                0x000003ac                CTIMER0_DriverIRQHandler
                0x000003ac                CTIMER1_DriverIRQHandler
                0x000003ac                QDC0_COMPARE_DriverIRQHandler
                0x000003ac                PINT0_DriverIRQHandler
                0x000003ac                ADC1_DriverIRQHandler
                0x000003ac                PQ_DriverIRQHandler
                0x000003ac                ETHERNET_MACLP_DriverIRQHandler
                0x000003ac                USB0_DCD_DriverIRQHandler
                0x000003ac                EDMA_0_CH11_DriverIRQHandler
                0x000003ac                MAILBOX_DriverIRQHandler
                0x000003ac                WUU_DriverIRQHandler
                0x000003ac                EDMA_0_CH6_DriverIRQHandler
                0x000003ac                CTIMER3_DriverIRQHandler
                0x000003ac                FLEXPWM1_SUBMODULE0_DriverIRQHandler
                0x000003ac                CDOG1_DriverIRQHandler
                0x000003ac                TSI_OUT_OF_SCAN_DriverIRQHandler
                0x000003ac                EDMA_1_CH4_DriverIRQHandler
                0x000003ac                PUF_DriverIRQHandler
                0x000003ac                SPC_DriverIRQHandler
                0x000003ac                RTC_DriverIRQHandler
                0x000003ac                VBAT0_DriverIRQHandler
                0x000003ac                Reserved65_DriverIRQHandler
                0x000003ac                HSCMP2_DriverIRQHandler
                0x000003ac                EDMA_0_CH0_DriverIRQHandler
                0x000003ac                EDMA_1_CH5_DriverIRQHandler
                0x000003ac                PDM_EVENT_DriverIRQHandler
                0x000003ac                ITRC0_DriverIRQHandler
                0x000003ac                ETHERNET_PMT_DriverIRQHandler
                0x000003ac                FLEXPWM1_RELOAD_ERROR_DriverIRQHandler
                0x000003ac                FMU0_DriverIRQHandler
                0x000003ac                QDC1_COMPARE_DriverIRQHandler
                0x000003ac                EDMA_0_CH8_DriverIRQHandler
                0x000003ac                LPTMR1_DriverIRQHandler
                0x000003ac                CTI0_DriverIRQHandler
                0x000003ac                EDMA_1_CH3_DriverIRQHandler
                0x000003ac                EDMA_1_CH15_DriverIRQHandler
                0x000003ac                FLEXPWM1_SUBMODULE2_DriverIRQHandler
                0x000003ac                QDC1_WDG_SAB_DriverIRQHandler
                0x000003ac                EDMA_1_CH8_DriverIRQHandler
                0x000003ac                GDET_DriverIRQHandler
                0x000003ac                PORT_EFT_DriverIRQHandler
                0x000003ac                Reserved85_DriverIRQHandler
                0x000003ac                Reserved81_DriverIRQHandler
                0x000003ac                TSI_END_OF_SCAN_DriverIRQHandler
                0x000003ac                FLEXPWM0_SUBMODULE3_DriverIRQHandler
                0x000003ac                ADC0_DriverIRQHandler
                0x000003ac                OR_DriverIRQHandler
                0x000003ac                EDMA_0_CH13_DriverIRQHandler
                0x000003ac                USB1_HS_DriverIRQHandler
                0x000003ac                EDMA_0_CH1_DriverIRQHandler
                0x000003ac                DAC2_DriverIRQHandler
                0x000003ac                HSCMP0_DriverIRQHandler
                0x000003ac                EDMA_0_CH12_DriverIRQHandler
                0x000003ac                QDC0_WDG_SAB_DriverIRQHandler
                0x000003ac                CDOG0_DriverIRQHandler
                0x000003ac                CAN0_DriverIRQHandler
                0x000003ac                SMARTDMA_DriverIRQHandler
                0x000003ac                SAI0_DriverIRQHandler
                0x000003ac                EMVSIM1_DriverIRQHandler
                0x000003ac                I3C1_DriverIRQHandler
                0x000003ac                EDMA_0_CH7_DriverIRQHandler
                0x000003ac                HSCMP1_DriverIRQHandler
                0x000003ac                EDMA_1_CH10_DriverIRQHandler
                0x000003ac                EDMA_1_CH12_DriverIRQHandler
                0x000003ac                FLEXSPI0_DriverIRQHandler
                0x000003ac                SCT0_DriverIRQHandler
                0x000003ac                CAN1_DriverIRQHandler
                0x000003ac                PLU_DriverIRQHandler
                0x000003ac                FLEXPWM0_SUBMODULE0_DriverIRQHandler
                0x000003ac                OS_EVENT_DriverIRQHandler
                0x000003ac                SINC_FILTER_DriverIRQHandler
                0x000003ac                NPU_DriverIRQHandler
                0x000003ac                SEC_HYPERVISOR_CALL_DriverIRQHandler
 *(SORT_BY_ALIGNMENT(.text*))
 *fill*         0x000003ae        0x2 ff
 .text.DbgConsole_Init
                0x000003b0       0x88 ./utilities/debug_console_lite/fsl_debug_console.o
                0x000003b0                DbgConsole_Init
 .text.DbgConsole_Vprintf
                0x00000438       0x3c ./utilities/debug_console_lite/fsl_debug_console.o
                0x00000438                DbgConsole_Vprintf
 .text.DbgConsole_Putchar
                0x00000474       0x30 ./utilities/debug_console_lite/fsl_debug_console.o
                0x00000474                DbgConsole_Putchar
 .text.DbgConsole_Getchar
                0x000004a4       0x3c ./utilities/debug_console_lite/fsl_debug_console.o
                0x000004a4                DbgConsole_Getchar
 .text.DbgConsole_PrintfFormattedData
                0x000004e0      0x3e0 ./utilities/debug_console_lite/fsl_debug_console.o
 .text.__assertion_failed
                0x000008c0       0x2c ./utilities/fsl_assert.o
                0x000008c0                __assertion_failed
 .text          0x000008ec       0xa0 ./utilities/fsl_memcpy.o
                0x000008ec                memcpy
 .text.main     0x0000098c      0x3c8 ./source/sdcard_fatfs.o
                0x0000098c                main
 .text.sdcardWaitCardInsert
                0x00000d54       0x6c ./source/sdcard_fatfs.o
 .text.__NVIC_SetPriority
                0x00000dc0       0x54 ./source/sdmmc_config.o
 .text.BOARD_SDCardGetDetectStatus
                0x00000e14       0x30 ./source/sdmmc_config.o
                0x00000e14                BOARD_SDCardGetDetectStatus
 .text.SDMMC_SD_CD_Callback
                0x00000e44       0x34 ./source/sdmmc_config.o
                0x00000e44                SDMMC_SD_CD_Callback
 .text.BOARD_SDCardDetectInit
                0x00000e78       0x90 ./source/sdmmc_config.o
                0x00000e78                BOARD_SDCardDetectInit
 .text.BOARD_SDCardPowerResetInit
                0x00000f08       0x28 ./source/sdmmc_config.o
                0x00000f08                BOARD_SDCardPowerResetInit
 .text.BOARD_SDCardPowerControl
                0x00000f30       0x30 ./source/sdmmc_config.o
                0x00000f30                BOARD_SDCardPowerControl
 .text.BOARD_SD_Config
                0x00000f60       0x9c ./source/sdmmc_config.o
                0x00000f60                BOARD_SD_Config
 .text.SD_SendApplicationCmd
                0x00000ffc       0x30 ./sdmmc/sd/fsl_sd.o
 .text.SD_GoIdle
                0x0000102c       0x2c ./sdmmc/sd/fsl_sd.o
 .text.SD_SetBlockSize
                0x00001058       0x30 ./sdmmc/sd/fsl_sd.o
 .text.SD_ExecuteTuning
                0x00001088       0x3c ./sdmmc/sd/fsl_sd.o
 .text.SD_SwitchVoltage
                0x000010c4      0x10c ./sdmmc/sd/fsl_sd.o
 .text.SD_StopTransmission
                0x000011d0       0x80 ./sdmmc/sd/fsl_sd.o
 .text.SD_Transfer
                0x00001250       0xc8 ./sdmmc/sd/fsl_sd.o
 .text.SD_SendCardStatus
                0x00001318       0xac ./sdmmc/sd/fsl_sd.o
 .text.SD_PollingCardStatusBusy
                0x000013c4       0x7c ./sdmmc/sd/fsl_sd.o
                0x000013c4                SD_PollingCardStatusBusy
 .text.SD_SendWriteSuccessBlocks
                0x00001440       0xf0 ./sdmmc/sd/fsl_sd.o
 .text.SD_SendRca
                0x00001530       0x74 ./sdmmc/sd/fsl_sd.o
 .text.SD_SwitchFunction
                0x000015a4       0xc8 ./sdmmc/sd/fsl_sd.o
 .text.SD_DecodeScr
                0x0000166c      0x178 ./sdmmc/sd/fsl_sd.o
 .text.SD_SendScr
                0x000017e4       0xe0 ./sdmmc/sd/fsl_sd.o
 .text.SD_SelectFunction
                0x000018c4      0x184 ./sdmmc/sd/fsl_sd.o
 .text.SD_SetDataBusWidth
                0x00001a48       0x9c ./sdmmc/sd/fsl_sd.o
 .text.SD_DecodeCsd
                0x00001ae4      0x374 ./sdmmc/sd/fsl_sd.o
 .text.SD_SendCsd
                0x00001e58       0x98 ./sdmmc/sd/fsl_sd.o
 .text.SD_DecodeCid
                0x00001ef0       0xd4 ./sdmmc/sd/fsl_sd.o
 .text.SD_AllSendCid
                0x00001fc4       0x94 ./sdmmc/sd/fsl_sd.o
 .text.SD_ApplicationSendOperationCondition
                0x00002058       0xdc ./sdmmc/sd/fsl_sd.o
 .text.SD_SendInterfaceCondition
                0x00002134       0x98 ./sdmmc/sd/fsl_sd.o
 .text.SD_SelectBusTiming
                0x000021cc      0x268 ./sdmmc/sd/fsl_sd.o
 .text.SD_DecodeStatus
                0x00002434      0x114 ./sdmmc/sd/fsl_sd.o
 .text.SD_ReadStatus
                0x00002548       0xfc ./sdmmc/sd/fsl_sd.o
                0x00002548                SD_ReadStatus
 .text.SD_SelectCard
                0x00002644       0x38 ./sdmmc/sd/fsl_sd.o
                0x00002644                SD_SelectCard
 .text.SD_Read  0x0000267c      0x14c ./sdmmc/sd/fsl_sd.o
 .text.SD_Write
                0x000027c8      0x164 ./sdmmc/sd/fsl_sd.o
 .text.SD_ReadBlocks
                0x0000292c      0x18c ./sdmmc/sd/fsl_sd.o
                0x0000292c                SD_ReadBlocks
 .text.SD_WriteBlocks
                0x00002ab8      0x184 ./sdmmc/sd/fsl_sd.o
                0x00002ab8                SD_WriteBlocks
 .text.SD_ProbeBusVoltage
                0x00002c3c      0x164 ./sdmmc/sd/fsl_sd.o
 .text.sdcard_init
                0x00002da0      0x160 ./sdmmc/sd/fsl_sd.o
 .text.SD_CardInit
                0x00002f00       0x60 ./sdmmc/sd/fsl_sd.o
                0x00002f00                SD_CardInit
 .text.SD_CardDeinit
                0x00002f60       0x54 ./sdmmc/sd/fsl_sd.o
                0x00002f60                SD_CardDeinit
 .text.SD_HostInit
                0x00002fb4       0x8c ./sdmmc/sd/fsl_sd.o
                0x00002fb4                SD_HostInit
 .text.SD_HostDeinit
                0x00003040       0x34 ./sdmmc/sd/fsl_sd.o
                0x00003040                SD_HostDeinit
 .text.SD_SetCardPower
                0x00003074       0x80 ./sdmmc/sd/fsl_sd.o
                0x00003074                SD_SetCardPower
 .text.SD_PollingCardInsert
                0x000030f4       0xcc ./sdmmc/sd/fsl_sd.o
                0x000030f4                SD_PollingCardInsert
 .text.SD_Init  0x000031c0       0x84 ./sdmmc/sd/fsl_sd.o
                0x000031c0                SD_Init
 .text.SDMMC_OSAEventCreate
                0x00003244       0x30 ./sdmmc/osa/fsl_sdmmc_osa.o
                0x00003244                SDMMC_OSAEventCreate
 .text.SDMMC_OSAEventWait
                0x00003274       0x6c ./sdmmc/osa/fsl_sdmmc_osa.o
                0x00003274                SDMMC_OSAEventWait
 .text.SDMMC_OSAEventSet
                0x000032e0       0x58 ./sdmmc/osa/fsl_sdmmc_osa.o
                0x000032e0                SDMMC_OSAEventSet
 .text.SDMMC_OSAEventGet
                0x00003338       0x40 ./sdmmc/osa/fsl_sdmmc_osa.o
                0x00003338                SDMMC_OSAEventGet
 .text.SDMMC_OSAEventClear
                0x00003378       0x50 ./sdmmc/osa/fsl_sdmmc_osa.o
                0x00003378                SDMMC_OSAEventClear
 .text.SDMMC_OSAEventDestroy
                0x000033c8       0x2c ./sdmmc/osa/fsl_sdmmc_osa.o
                0x000033c8                SDMMC_OSAEventDestroy
 .text.SDMMC_OSAMutexCreate
                0x000033f4       0x2c ./sdmmc/osa/fsl_sdmmc_osa.o
                0x000033f4                SDMMC_OSAMutexCreate
 .text.SDMMC_OSAMutexLock
                0x00003420       0x30 ./sdmmc/osa/fsl_sdmmc_osa.o
                0x00003420                SDMMC_OSAMutexLock
 .text.SDMMC_OSAMutexUnlock
                0x00003450       0x2c ./sdmmc/osa/fsl_sdmmc_osa.o
                0x00003450                SDMMC_OSAMutexUnlock
 .text.SDMMC_OSAMutexDestroy
                0x0000347c       0x2c ./sdmmc/osa/fsl_sdmmc_osa.o
                0x0000347c                SDMMC_OSAMutexDestroy
 .text.SDMMC_OSADelay
                0x000034a8       0x28 ./sdmmc/osa/fsl_sdmmc_osa.o
                0x000034a8                SDMMC_OSADelay
 .text.SDMMC_OSADelayUs
                0x000034d0       0x20 ./sdmmc/osa/fsl_sdmmc_osa.o
                0x000034d0                SDMMC_OSADelayUs
 .text.SDMMCHOST_CardDetectInit
                0x000034f0       0xac ./sdmmc/host/usdhc/non_blocking/fsl_sdmmc_host.o
                0x000034f0                SDMMCHOST_CardDetectInit
 .text.SDMMCHOST_PollingCardDetectStatus
                0x0000359c      0x110 ./sdmmc/host/usdhc/non_blocking/fsl_sdmmc_host.o
                0x0000359c                SDMMCHOST_PollingCardDetectStatus
 .text.SDMMCHOST_Init
                0x000036ac      0x108 ./sdmmc/host/usdhc/non_blocking/fsl_sdmmc_host.o
                0x000036ac                SDMMCHOST_Init
 .text.SDMMCHOST_Reset
                0x000037b4       0x68 ./sdmmc/host/usdhc/non_blocking/fsl_sdmmc_host.o
                0x000037b4                SDMMCHOST_Reset
 .text.SDMMC_SelectCard
                0x0000381c       0x84 ./sdmmc/common/fsl_sdmmc_common.o
                0x0000381c                SDMMC_SelectCard
 .text.SDMMC_SendApplicationCommand
                0x000038a0       0x80 ./sdmmc/common/fsl_sdmmc_common.o
                0x000038a0                SDMMC_SendApplicationCommand
 .text.SDMMC_SetBlockSize
                0x00003920       0x70 ./sdmmc/common/fsl_sdmmc_common.o
                0x00003920                SDMMC_SetBlockSize
 .text.sd_disk_write
                0x00003990       0x40 ./fatfs/source/fsl_sd_disk/fsl_sd_disk.o
                0x00003990                sd_disk_write
 .text.sd_disk_read
                0x000039d0       0x40 ./fatfs/source/fsl_sd_disk/fsl_sd_disk.o
                0x000039d0                sd_disk_read
 .text.sd_disk_ioctl
                0x00003a10       0xa8 ./fatfs/source/fsl_sd_disk/fsl_sd_disk.o
                0x00003a10                sd_disk_ioctl
 .text.sd_disk_initialize
                0x00003ab8       0x5c ./fatfs/source/fsl_sd_disk/fsl_sd_disk.o
                0x00003ab8                sd_disk_initialize
 .text.sync_fs  0x00003b14       0xdc ./fatfs/source/ff.o
 .text.create_name
                0x00003bf0      0x228 ./fatfs/source/ff.o
 .text.get_ldnumber
                0x00003e18       0x90 ./fatfs/source/ff.o
 .text.check_fs
                0x00003ea8      0x148 ./fatfs/source/ff.o
 .text.mount_volume
                0x00003ff0      0x3fc ./fatfs/source/ff.o
 .text.f_mount  0x000043ec       0x94 ./fatfs/source/ff.o
                0x000043ec                f_mount
 .text.f_open   0x00004480      0x314 ./fatfs/source/ff.o
                0x00004480                f_open
 .text.f_sync   0x00004794      0x100 ./fatfs/source/ff.o
                0x00004794                f_sync
 .text.f_chdrive
                0x00004894       0x34 ./fatfs/source/ff.o
                0x00004894                f_chdrive
 .text.f_mkdir  0x000048c8      0x1b8 ./fatfs/source/ff.o
                0x000048c8                f_mkdir
 .text.create_partition
                0x00004a80      0x248 ./fatfs/source/ff.o
 .text.f_mkfs   0x00004cc8      0x878 ./fatfs/source/ff.o
                0x00004cc8                f_mkfs
 .text.CLOCK_IsPLL0Locked
                0x00005540       0x28 ./drivers/fsl_clock.o
 .text.CLOCK_IsPLL1Locked
                0x00005568       0x28 ./drivers/fsl_clock.o
 .text.CLOCK_SetupFROHFClocking
                0x00005590       0x9c ./drivers/fsl_clock.o
                0x00005590                CLOCK_SetupFROHFClocking
 .text.CLOCK_SetPll0MonitorMode
                0x0000562c       0x38 ./drivers/fsl_clock.o
                0x0000562c                CLOCK_SetPll0MonitorMode
 .text.CLOCK_AttachClk
                0x00005664       0xb0 ./drivers/fsl_clock.o
                0x00005664                CLOCK_AttachClk
 .text.CLOCK_SetClkDiv
                0x00005714       0x54 ./drivers/fsl_clock.o
                0x00005714                CLOCK_SetClkDiv
 .text.CLOCK_GetUsdhcClkFreq
                0x00005768       0x90 ./drivers/fsl_clock.o
                0x00005768                CLOCK_GetUsdhcClkFreq
 .text.CLOCK_GetPLL0InClockRate
                0x000057f8       0x58 ./drivers/fsl_clock.o
                0x000057f8                CLOCK_GetPLL0InClockRate
 .text.CLOCK_GetPLL1InClockRate
                0x00005850       0x58 ./drivers/fsl_clock.o
                0x00005850                CLOCK_GetPLL1InClockRate
 .text.CLOCK_SetPLL0Freq
                0x000058a8      0x10c ./drivers/fsl_clock.o
                0x000058a8                CLOCK_SetPLL0Freq
 .text.CLOCK_GetFro12MFreq
                0x000059b4       0x2c ./drivers/fsl_clock.o
 .text.CLOCK_GetFroHfFreq
                0x000059e0       0x4c ./drivers/fsl_clock.o
 .text.CLOCK_GetClk48MFreq
                0x00005a2c       0x2c ./drivers/fsl_clock.o
 .text.CLOCK_GetExtClkFreq
                0x00005a58       0x2c ./drivers/fsl_clock.o
 .text.CLOCK_GetOsc32KFreq
                0x00005a84       0x4c ./drivers/fsl_clock.o
 .text.findPll0PreDiv
                0x00005ad0       0x40 ./drivers/fsl_clock.o
 .text.findPll1PreDiv
                0x00005b10       0x40 ./drivers/fsl_clock.o
 .text.findPll0PostDiv
                0x00005b50       0x60 ./drivers/fsl_clock.o
 .text.findPll1PostDiv
                0x00005bb0       0x60 ./drivers/fsl_clock.o
 .text.findPll0MMult
                0x00005c10       0xac ./drivers/fsl_clock.o
 .text.findPll1MMult
                0x00005cbc       0xac ./drivers/fsl_clock.o
 .text.SDK_DelayAtLeastUs
                0x00005d68       0x8c ./drivers/fsl_common_arm.o
                0x00005d68                SDK_DelayAtLeastUs
 .text.GPIO_GetInstance
                0x00005df4       0x4c ./drivers/fsl_gpio.o
 .text.GPIO_PortClockEnable
                0x00005e40       0x48 ./drivers/fsl_gpio.o
 .text.GPIO_PinInit
                0x00005e88       0x6c ./drivers/fsl_gpio.o
                0x00005e88                GPIO_PinInit
 .text.LP_FLEXCOMM_GetInterruptStatus
                0x00005ef4       0x28 ./drivers/fsl_lpflexcomm.o
                0x00005ef4                LP_FLEXCOMM_GetInterruptStatus
 .text.LP_FLEXCOMM_SetPeriph
                0x00005f1c       0x94 ./drivers/fsl_lpflexcomm.o
 .text.LP_FLEXCOMM_Init
                0x00005fb0       0x58 ./drivers/fsl_lpflexcomm.o
                0x00005fb0                LP_FLEXCOMM_Init
 .text.LP_FLEXCOMM_CommonIRQHandler
                0x00006008       0xb8 ./drivers/fsl_lpflexcomm.o
 .text.LPUART_GetInstance
                0x000060c0       0x4c ./drivers/fsl_lpuart.o
                0x000060c0                LPUART_GetInstance
 .text.LPUART_Init
                0x0000610c      0x3b4 ./drivers/fsl_lpuart.o
                0x0000610c                LPUART_Init
 .text.LPUART_GetDefaultConfig
                0x000064c0       0x8c ./drivers/fsl_lpuart.o
                0x000064c0                LPUART_GetDefaultConfig
 .text.LPUART_GetStatusFlags
                0x0000654c       0x60 ./drivers/fsl_lpuart.o
                0x0000654c                LPUART_GetStatusFlags
 .text.LPUART_ClearStatusFlags
                0x000065ac       0x94 ./drivers/fsl_lpuart.o
                0x000065ac                LPUART_ClearStatusFlags
 .text.LPUART_WriteBlocking
                0x00006640       0x68 ./drivers/fsl_lpuart.o
                0x00006640                LPUART_WriteBlocking
 .text.LPUART_ReadBlocking
                0x000066a8      0x160 ./drivers/fsl_lpuart.o
                0x000066a8                LPUART_ReadBlocking
 .text.RESET_ClearPeripheralReset
                0x00006808       0x64 ./drivers/fsl_reset.o
                0x00006808                RESET_ClearPeripheralReset
 .text.SPC_SetSRAMOperateVoltage
                0x0000686c       0x58 ./drivers/fsl_spc.o
                0x0000686c                SPC_SetSRAMOperateVoltage
 .text.SPC_SetActiveModeCoreLDORegulatorConfig
                0x000068c4       0x94 ./drivers/fsl_spc.o
                0x000068c4                SPC_SetActiveModeCoreLDORegulatorConfig
 .text.SPC_SetActiveModeDCDCRegulatorConfig
                0x00006958       0x68 ./drivers/fsl_spc.o
                0x00006958                SPC_SetActiveModeDCDCRegulatorConfig
 .text.__NVIC_EnableIRQ
                0x000069c0       0x3c ./drivers/fsl_usdhc.o
 .text.USDHC_GetInstance
                0x000069fc       0x40 ./drivers/fsl_usdhc.o
 .text.USDHC_ReceiveCommandResponse
                0x00006a3c       0xc0 ./drivers/fsl_usdhc.o
 .text.USDHC_SendCommand
                0x00006afc      0x108 ./drivers/fsl_usdhc.o
                0x00006afc                USDHC_SendCommand
 .text.USDHC_Init
                0x00006c04      0x134 ./drivers/fsl_usdhc.o
                0x00006c04                USDHC_Init
 .text.USDHC_SetSdClock
                0x00006d38      0x198 ./drivers/fsl_usdhc.o
                0x00006d38                USDHC_SetSdClock
 .text.USDHC_SetADMA1Descriptor
                0x00006ed0      0x180 ./drivers/fsl_usdhc.o
                0x00006ed0                USDHC_SetADMA1Descriptor
 .text.USDHC_SetADMA2Descriptor
                0x00007050      0x1dc ./drivers/fsl_usdhc.o
                0x00007050                USDHC_SetADMA2Descriptor
 .text.USDHC_SetInternalDmaConfig
                0x0000722c       0xd0 ./drivers/fsl_usdhc.o
                0x0000722c                USDHC_SetInternalDmaConfig
 .text.USDHC_SetAdmaTableConfig
                0x000072fc      0x104 ./drivers/fsl_usdhc.o
                0x000072fc                USDHC_SetAdmaTableConfig
 .text.USDHC_TransferNonBlocking
                0x00007400      0x204 ./drivers/fsl_usdhc.o
                0x00007400                USDHC_TransferNonBlocking
 .text.USDHC_SetTuningDelay
                0x00007604       0x94 ./drivers/fsl_usdhc.o
                0x00007604                USDHC_SetTuningDelay
 .text.USDHC_TransferHandleCommand
                0x00007698       0xa8 ./drivers/fsl_usdhc.o
 .text.USDHC_TransferHandleData
                0x00007740      0x114 ./drivers/fsl_usdhc.o
 .text.USDHC_TransferHandleReTuning
                0x00007854       0x40 ./drivers/fsl_usdhc.o
 .text.USDHC_TransferCreateHandle
                0x00007894       0xa8 ./drivers/fsl_usdhc.o
                0x00007894                USDHC_TransferCreateHandle
 .text.USDHC_TransferHandleIRQ
                0x0000793c       0xb4 ./drivers/fsl_usdhc.o
                0x0000793c                USDHC_TransferHandleIRQ
 .text.USDHC0_DriverIRQHandler
                0x000079f0       0x24 ./drivers/fsl_usdhc.o
                0x000079f0                USDHC0_DriverIRQHandler
 .text.SystemInit
                0x00007a14      0x124 ./device/system_MCXN947_cm33_core0.o
                0x00007a14                SystemInit
 .text.HAL_UartInitCommon
                0x00007b38       0xe4 ./component/uart/fsl_adapter_lpuart.o
 .text.HAL_UartInit
                0x00007c1c       0x84 ./component/uart/fsl_adapter_lpuart.o
                0x00007c1c                HAL_UartInit
 .text.HAL_UartReceiveBlocking
                0x00007ca0       0x6c ./component/uart/fsl_adapter_lpuart.o
                0x00007ca0                HAL_UartReceiveBlocking
 .text.HAL_UartSendBlocking
                0x00007d0c       0x64 ./component/uart/fsl_adapter_lpuart.o
                0x00007d0c                HAL_UartSendBlocking
 .text.OSA_SemaphoreCreate
                0x00007d70       0x3c ./component/osa/fsl_os_abstraction_bm.o
                0x00007d70                OSA_SemaphoreCreate
 .text.OSA_SemaphoreDestroy
                0x00007dac       0x30 ./component/osa/fsl_os_abstraction_bm.o
                0x00007dac                OSA_SemaphoreDestroy
 .text.OSA_SemaphoreWait
                0x00007ddc       0x7c ./component/osa/fsl_os_abstraction_bm.o
                0x00007ddc                OSA_SemaphoreWait
 .text.OSA_SemaphorePost
                0x00007e58       0x70 ./component/osa/fsl_os_abstraction_bm.o
                0x00007e58                OSA_SemaphorePost
 .text.OSA_MutexCreate
                0x00007ec8       0x34 ./component/osa/fsl_os_abstraction_bm.o
                0x00007ec8                OSA_MutexCreate
 .text.OSA_MutexUnlock
                0x00007efc       0x40 ./component/osa/fsl_os_abstraction_bm.o
                0x00007efc                OSA_MutexUnlock
 .text.OSA_MutexDestroy
                0x00007f3c       0x30 ./component/osa/fsl_os_abstraction_bm.o
                0x00007f3c                OSA_MutexDestroy
 .text.__NVIC_EnableIRQ
                0x00007f6c       0x3c ./component/gpio/fsl_adapter_gpio.o
 .text.__NVIC_SetPriority
                0x00007fa8       0x54 ./component/gpio/fsl_adapter_gpio.o
 .text.GPIO_SetPinInterruptConfig
                0x00007ffc       0x4c ./component/gpio/fsl_adapter_gpio.o
 .text.HAL_GpioInterruptHandle
                0x00008048       0xe4 ./component/gpio/fsl_adapter_gpio.o
 .text.HAL_GpioInit
                0x0000812c       0xa4 ./component/gpio/fsl_adapter_gpio.o
                0x0000812c                HAL_GpioInit
 .text.HAL_GpioGetInput
                0x000081d0       0x6c ./component/gpio/fsl_adapter_gpio.o
                0x000081d0                HAL_GpioGetInput
 .text.HAL_GpioSetOutput
                0x0000823c       0x58 ./component/gpio/fsl_adapter_gpio.o
                0x0000823c                HAL_GpioSetOutput
 .text.HAL_GpioInstallCallback
                0x00008294       0x38 ./component/gpio/fsl_adapter_gpio.o
                0x00008294                HAL_GpioInstallCallback
 .text.HAL_GpioSetTriggerMode
                0x000082cc       0xe4 ./component/gpio/fsl_adapter_gpio.o
                0x000082cc                HAL_GpioSetTriggerMode
 .text.BOARD_InitDebugConsole
                0x000083b0       0x38 ./board/board.o
                0x000083b0                BOARD_InitDebugConsole
 .text.BOARD_BootClockPLL150M
                0x000083e8       0xd8 ./board/clock_config.o
                0x000083e8                BOARD_BootClockPLL150M
 .text.PORT_SetPinConfig
                0x000084c0       0x38 ./board/pin_mux.o
 .text.BOARD_InitPins
                0x000084f8      0x194 ./board/pin_mux.o
                0x000084f8                BOARD_InitPins
 .text._initio  0x0000868c       0x78 C:/nxp/MCUXpressoIDE_24.12.148/ide/plugins/com.nxp.mcuxpresso.tools.win32_24.12.0.202407110909/tools/bin/../lib/gcc/arm-none-eabi/13.2.1/../../../../arm-none-eabi/lib/thumb/v8-m.main+fp/hard\libcr_c.a(initio.o)
                0x0000868c                _initio
 .text._Cwritebuf
                0x00008704       0x6c C:/nxp/MCUXpressoIDE_24.12.148/ide/plugins/com.nxp.mcuxpresso.tools.win32_24.12.0.202407110909/tools/bin/../lib/gcc/arm-none-eabi/13.2.1/../../../../arm-none-eabi/lib/thumb/v8-m.main+fp/hard\libcr_c.a(_writebuf.o)
                0x00008704                _Cwritebuf
 .text.fflush   0x00008770       0x3c C:/nxp/MCUXpressoIDE_24.12.148/ide/plugins/com.nxp.mcuxpresso.tools.win32_24.12.0.202407110909/tools/bin/../lib/gcc/arm-none-eabi/13.2.1/../../../../arm-none-eabi/lib/thumb/v8-m.main+fp/hard\libcr_c.a(fflush.o)
                0x00008770                fflush
 .text.fseek    0x000087ac       0xf8 C:/nxp/MCUXpressoIDE_24.12.148/ide/plugins/com.nxp.mcuxpresso.tools.win32_24.12.0.202407110909/tools/bin/../lib/gcc/arm-none-eabi/13.2.1/../../../../arm-none-eabi/lib/thumb/v8-m.main+fp/hard\libcr_c.a(fseek.o)
                0x000087ac                fseek
 .text.ftell    0x000088a4       0x44 C:/nxp/MCUXpressoIDE_24.12.148/ide/plugins/com.nxp.mcuxpresso.tools.win32_24.12.0.202407110909/tools/bin/../lib/gcc/arm-none-eabi/13.2.1/../../../../arm-none-eabi/lib/thumb/v8-m.main+fp/hard\libcr_c.a(ftell.o)
                0x000088a4                ftell
 .text.DbgConsole_Printf
                0x000088e8       0x2c ./utilities/debug_console_lite/fsl_debug_console.o
                0x000088e8                DbgConsole_Printf
 .text.DbgConsole_PrintfPaddingCharacter
                0x00008914       0x40 ./utilities/debug_console_lite/fsl_debug_console.o
 .text.DbgConsole_ConvertRadixNumToString
                0x00008954       0xc2 ./utilities/debug_console_lite/fsl_debug_console.o
 .text.fsl_assert_hook
                0x00008a16       0x1a ./utilities/fsl_assert.o
                0x00008a16                fsl_assert_hook
 .text.OR_IRQHandler
                0x00008a30        0x8 ./startup/startup_mcxn947_cm33_core0.o
                0x00008a30                OR_IRQHandler
 .text.EDMA_0_CH0_IRQHandler
                0x00008a38        0x8 ./startup/startup_mcxn947_cm33_core0.o
                0x00008a38                EDMA_0_CH0_IRQHandler
 .text.EDMA_0_CH1_IRQHandler
                0x00008a40        0x8 ./startup/startup_mcxn947_cm33_core0.o
                0x00008a40                EDMA_0_CH1_IRQHandler
 .text.EDMA_0_CH2_IRQHandler
                0x00008a48        0x8 ./startup/startup_mcxn947_cm33_core0.o
                0x00008a48                EDMA_0_CH2_IRQHandler
 .text.EDMA_0_CH3_IRQHandler
                0x00008a50        0x8 ./startup/startup_mcxn947_cm33_core0.o
                0x00008a50                EDMA_0_CH3_IRQHandler
 .text.EDMA_0_CH4_IRQHandler
                0x00008a58        0x8 ./startup/startup_mcxn947_cm33_core0.o
                0x00008a58                EDMA_0_CH4_IRQHandler
 .text.EDMA_0_CH5_IRQHandler
                0x00008a60        0x8 ./startup/startup_mcxn947_cm33_core0.o
                0x00008a60                EDMA_0_CH5_IRQHandler
 .text.EDMA_0_CH6_IRQHandler
                0x00008a68        0x8 ./startup/startup_mcxn947_cm33_core0.o
                0x00008a68                EDMA_0_CH6_IRQHandler
 .text.EDMA_0_CH7_IRQHandler
                0x00008a70        0x8 ./startup/startup_mcxn947_cm33_core0.o
                0x00008a70                EDMA_0_CH7_IRQHandler
 .text.EDMA_0_CH8_IRQHandler
                0x00008a78        0x8 ./startup/startup_mcxn947_cm33_core0.o
                0x00008a78                EDMA_0_CH8_IRQHandler
 .text.EDMA_0_CH9_IRQHandler
                0x00008a80        0x8 ./startup/startup_mcxn947_cm33_core0.o
                0x00008a80                EDMA_0_CH9_IRQHandler
 .text.EDMA_0_CH10_IRQHandler
                0x00008a88        0x8 ./startup/startup_mcxn947_cm33_core0.o
                0x00008a88                EDMA_0_CH10_IRQHandler
 .text.EDMA_0_CH11_IRQHandler
                0x00008a90        0x8 ./startup/startup_mcxn947_cm33_core0.o
                0x00008a90                EDMA_0_CH11_IRQHandler
 .text.EDMA_0_CH12_IRQHandler
                0x00008a98        0x8 ./startup/startup_mcxn947_cm33_core0.o
                0x00008a98                EDMA_0_CH12_IRQHandler
 .text.EDMA_0_CH13_IRQHandler
                0x00008aa0        0x8 ./startup/startup_mcxn947_cm33_core0.o
                0x00008aa0                EDMA_0_CH13_IRQHandler
 .text.EDMA_0_CH14_IRQHandler
                0x00008aa8        0x8 ./startup/startup_mcxn947_cm33_core0.o
                0x00008aa8                EDMA_0_CH14_IRQHandler
 .text.EDMA_0_CH15_IRQHandler
                0x00008ab0        0x8 ./startup/startup_mcxn947_cm33_core0.o
                0x00008ab0                EDMA_0_CH15_IRQHandler
 .text.GPIO00_IRQHandler
                0x00008ab8        0x8 ./startup/startup_mcxn947_cm33_core0.o
                0x00008ab8                GPIO00_IRQHandler
 .text.GPIO01_IRQHandler
                0x00008ac0        0x8 ./startup/startup_mcxn947_cm33_core0.o
                0x00008ac0                GPIO01_IRQHandler
 .text.GPIO10_IRQHandler
                0x00008ac8        0x8 ./startup/startup_mcxn947_cm33_core0.o
                0x00008ac8                GPIO10_IRQHandler
 .text.GPIO11_IRQHandler
                0x00008ad0        0x8 ./startup/startup_mcxn947_cm33_core0.o
                0x00008ad0                GPIO11_IRQHandler
 .text.GPIO20_IRQHandler
                0x00008ad8        0x8 ./startup/startup_mcxn947_cm33_core0.o
                0x00008ad8                GPIO20_IRQHandler
 .text.GPIO21_IRQHandler
                0x00008ae0        0x8 ./startup/startup_mcxn947_cm33_core0.o
                0x00008ae0                GPIO21_IRQHandler
 .text.GPIO30_IRQHandler
                0x00008ae8        0x8 ./startup/startup_mcxn947_cm33_core0.o
                0x00008ae8                GPIO30_IRQHandler
 .text.GPIO31_IRQHandler
                0x00008af0        0x8 ./startup/startup_mcxn947_cm33_core0.o
                0x00008af0                GPIO31_IRQHandler
 .text.GPIO40_IRQHandler
                0x00008af8        0x8 ./startup/startup_mcxn947_cm33_core0.o
                0x00008af8                GPIO40_IRQHandler
 .text.GPIO41_IRQHandler
                0x00008b00        0x8 ./startup/startup_mcxn947_cm33_core0.o
                0x00008b00                GPIO41_IRQHandler
 .text.GPIO50_IRQHandler
                0x00008b08        0x8 ./startup/startup_mcxn947_cm33_core0.o
                0x00008b08                GPIO50_IRQHandler
 .text.GPIO51_IRQHandler
                0x00008b10        0x8 ./startup/startup_mcxn947_cm33_core0.o
                0x00008b10                GPIO51_IRQHandler
 .text.UTICK0_IRQHandler
                0x00008b18        0x8 ./startup/startup_mcxn947_cm33_core0.o
                0x00008b18                UTICK0_IRQHandler
 .text.MRT0_IRQHandler
                0x00008b20        0x8 ./startup/startup_mcxn947_cm33_core0.o
                0x00008b20                MRT0_IRQHandler
 .text.CTIMER0_IRQHandler
                0x00008b28        0x8 ./startup/startup_mcxn947_cm33_core0.o
                0x00008b28                CTIMER0_IRQHandler
 .text.CTIMER1_IRQHandler
                0x00008b30        0x8 ./startup/startup_mcxn947_cm33_core0.o
                0x00008b30                CTIMER1_IRQHandler
 .text.SCT0_IRQHandler
                0x00008b38        0x8 ./startup/startup_mcxn947_cm33_core0.o
                0x00008b38                SCT0_IRQHandler
 .text.CTIMER2_IRQHandler
                0x00008b40        0x8 ./startup/startup_mcxn947_cm33_core0.o
                0x00008b40                CTIMER2_IRQHandler
 .text.LP_FLEXCOMM0_IRQHandler
                0x00008b48        0x8 ./startup/startup_mcxn947_cm33_core0.o
                0x00008b48                LP_FLEXCOMM0_IRQHandler
 .text.LP_FLEXCOMM1_IRQHandler
                0x00008b50        0x8 ./startup/startup_mcxn947_cm33_core0.o
                0x00008b50                LP_FLEXCOMM1_IRQHandler
 .text.LP_FLEXCOMM2_IRQHandler
                0x00008b58        0x8 ./startup/startup_mcxn947_cm33_core0.o
                0x00008b58                LP_FLEXCOMM2_IRQHandler
 .text.LP_FLEXCOMM3_IRQHandler
                0x00008b60        0x8 ./startup/startup_mcxn947_cm33_core0.o
                0x00008b60                LP_FLEXCOMM3_IRQHandler
 .text.LP_FLEXCOMM4_IRQHandler
                0x00008b68        0x8 ./startup/startup_mcxn947_cm33_core0.o
                0x00008b68                LP_FLEXCOMM4_IRQHandler
 .text.LP_FLEXCOMM5_IRQHandler
                0x00008b70        0x8 ./startup/startup_mcxn947_cm33_core0.o
                0x00008b70                LP_FLEXCOMM5_IRQHandler
 .text.LP_FLEXCOMM6_IRQHandler
                0x00008b78        0x8 ./startup/startup_mcxn947_cm33_core0.o
                0x00008b78                LP_FLEXCOMM6_IRQHandler
 .text.LP_FLEXCOMM7_IRQHandler
                0x00008b80        0x8 ./startup/startup_mcxn947_cm33_core0.o
                0x00008b80                LP_FLEXCOMM7_IRQHandler
 .text.LP_FLEXCOMM8_IRQHandler
                0x00008b88        0x8 ./startup/startup_mcxn947_cm33_core0.o
                0x00008b88                LP_FLEXCOMM8_IRQHandler
 .text.LP_FLEXCOMM9_IRQHandler
                0x00008b90        0x8 ./startup/startup_mcxn947_cm33_core0.o
                0x00008b90                LP_FLEXCOMM9_IRQHandler
 .text.ADC0_IRQHandler
                0x00008b98        0x8 ./startup/startup_mcxn947_cm33_core0.o
                0x00008b98                ADC0_IRQHandler
 .text.ADC1_IRQHandler
                0x00008ba0        0x8 ./startup/startup_mcxn947_cm33_core0.o
                0x00008ba0                ADC1_IRQHandler
 .text.PINT0_IRQHandler
                0x00008ba8        0x8 ./startup/startup_mcxn947_cm33_core0.o
                0x00008ba8                PINT0_IRQHandler
 .text.PDM_EVENT_IRQHandler
                0x00008bb0        0x8 ./startup/startup_mcxn947_cm33_core0.o
                0x00008bb0                PDM_EVENT_IRQHandler
 .text.Reserved65_IRQHandler
                0x00008bb8        0x8 ./startup/startup_mcxn947_cm33_core0.o
                0x00008bb8                Reserved65_IRQHandler
 .text.USB0_FS_IRQHandler
                0x00008bc0        0x8 ./startup/startup_mcxn947_cm33_core0.o
                0x00008bc0                USB0_FS_IRQHandler
 .text.USB0_DCD_IRQHandler
                0x00008bc8        0x8 ./startup/startup_mcxn947_cm33_core0.o
                0x00008bc8                USB0_DCD_IRQHandler
 .text.RTC_IRQHandler
                0x00008bd0        0x8 ./startup/startup_mcxn947_cm33_core0.o
                0x00008bd0                RTC_IRQHandler
 .text.SMARTDMA_IRQHandler
                0x00008bd8        0x8 ./startup/startup_mcxn947_cm33_core0.o
                0x00008bd8                SMARTDMA_IRQHandler
 .text.MAILBOX_IRQHandler
                0x00008be0        0x8 ./startup/startup_mcxn947_cm33_core0.o
                0x00008be0                MAILBOX_IRQHandler
 .text.CTIMER3_IRQHandler
                0x00008be8        0x8 ./startup/startup_mcxn947_cm33_core0.o
                0x00008be8                CTIMER3_IRQHandler
 .text.CTIMER4_IRQHandler
                0x00008bf0        0x8 ./startup/startup_mcxn947_cm33_core0.o
                0x00008bf0                CTIMER4_IRQHandler
 .text.OS_EVENT_IRQHandler
                0x00008bf8        0x8 ./startup/startup_mcxn947_cm33_core0.o
                0x00008bf8                OS_EVENT_IRQHandler
 .text.FLEXSPI0_IRQHandler
                0x00008c00        0x8 ./startup/startup_mcxn947_cm33_core0.o
                0x00008c00                FLEXSPI0_IRQHandler
 .text.SAI0_IRQHandler
                0x00008c08        0x8 ./startup/startup_mcxn947_cm33_core0.o
                0x00008c08                SAI0_IRQHandler
 .text.SAI1_IRQHandler
                0x00008c10        0x8 ./startup/startup_mcxn947_cm33_core0.o
                0x00008c10                SAI1_IRQHandler
 .text.USDHC0_IRQHandler
                0x00008c18        0x8 ./startup/startup_mcxn947_cm33_core0.o
                0x00008c18                USDHC0_IRQHandler
 .text.CAN0_IRQHandler
                0x00008c20        0x8 ./startup/startup_mcxn947_cm33_core0.o
                0x00008c20                CAN0_IRQHandler
 .text.CAN1_IRQHandler
                0x00008c28        0x8 ./startup/startup_mcxn947_cm33_core0.o
                0x00008c28                CAN1_IRQHandler
 .text.Reserved80_IRQHandler
                0x00008c30        0x8 ./startup/startup_mcxn947_cm33_core0.o
                0x00008c30                Reserved80_IRQHandler
 .text.Reserved81_IRQHandler
                0x00008c38        0x8 ./startup/startup_mcxn947_cm33_core0.o
                0x00008c38                Reserved81_IRQHandler
 .text.USB1_HS_PHY_IRQHandler
                0x00008c40        0x8 ./startup/startup_mcxn947_cm33_core0.o
                0x00008c40                USB1_HS_PHY_IRQHandler
 .text.USB1_HS_IRQHandler
                0x00008c48        0x8 ./startup/startup_mcxn947_cm33_core0.o
                0x00008c48                USB1_HS_IRQHandler
 .text.SEC_HYPERVISOR_CALL_IRQHandler
                0x00008c50        0x8 ./startup/startup_mcxn947_cm33_core0.o
                0x00008c50                SEC_HYPERVISOR_CALL_IRQHandler
 .text.Reserved85_IRQHandler
                0x00008c58        0x8 ./startup/startup_mcxn947_cm33_core0.o
                0x00008c58                Reserved85_IRQHandler
 .text.PLU_IRQHandler
                0x00008c60        0x8 ./startup/startup_mcxn947_cm33_core0.o
                0x00008c60                PLU_IRQHandler
 .text.Freqme_IRQHandler
                0x00008c68        0x8 ./startup/startup_mcxn947_cm33_core0.o
                0x00008c68                Freqme_IRQHandler
 .text.SEC_VIO_IRQHandler
                0x00008c70        0x8 ./startup/startup_mcxn947_cm33_core0.o
                0x00008c70                SEC_VIO_IRQHandler
 .text.ELS_IRQHandler
                0x00008c78        0x8 ./startup/startup_mcxn947_cm33_core0.o
                0x00008c78                ELS_IRQHandler
 .text.PKC_IRQHandler
                0x00008c80        0x8 ./startup/startup_mcxn947_cm33_core0.o
                0x00008c80                PKC_IRQHandler
 .text.PUF_IRQHandler
                0x00008c88        0x8 ./startup/startup_mcxn947_cm33_core0.o
                0x00008c88                PUF_IRQHandler
 .text.PQ_IRQHandler
                0x00008c90        0x8 ./startup/startup_mcxn947_cm33_core0.o
                0x00008c90                PQ_IRQHandler
 .text.EDMA_1_CH0_IRQHandler
                0x00008c98        0x8 ./startup/startup_mcxn947_cm33_core0.o
                0x00008c98                EDMA_1_CH0_IRQHandler
 .text.EDMA_1_CH1_IRQHandler
                0x00008ca0        0x8 ./startup/startup_mcxn947_cm33_core0.o
                0x00008ca0                EDMA_1_CH1_IRQHandler
 .text.EDMA_1_CH2_IRQHandler
                0x00008ca8        0x8 ./startup/startup_mcxn947_cm33_core0.o
                0x00008ca8                EDMA_1_CH2_IRQHandler
 .text.EDMA_1_CH3_IRQHandler
                0x00008cb0        0x8 ./startup/startup_mcxn947_cm33_core0.o
                0x00008cb0                EDMA_1_CH3_IRQHandler
 .text.EDMA_1_CH4_IRQHandler
                0x00008cb8        0x8 ./startup/startup_mcxn947_cm33_core0.o
                0x00008cb8                EDMA_1_CH4_IRQHandler
 .text.EDMA_1_CH5_IRQHandler
                0x00008cc0        0x8 ./startup/startup_mcxn947_cm33_core0.o
                0x00008cc0                EDMA_1_CH5_IRQHandler
 .text.EDMA_1_CH6_IRQHandler
                0x00008cc8        0x8 ./startup/startup_mcxn947_cm33_core0.o
                0x00008cc8                EDMA_1_CH6_IRQHandler
 .text.EDMA_1_CH7_IRQHandler
                0x00008cd0        0x8 ./startup/startup_mcxn947_cm33_core0.o
                0x00008cd0                EDMA_1_CH7_IRQHandler
 .text.EDMA_1_CH8_IRQHandler
                0x00008cd8        0x8 ./startup/startup_mcxn947_cm33_core0.o
                0x00008cd8                EDMA_1_CH8_IRQHandler
 .text.EDMA_1_CH9_IRQHandler
                0x00008ce0        0x8 ./startup/startup_mcxn947_cm33_core0.o
                0x00008ce0                EDMA_1_CH9_IRQHandler
 .text.EDMA_1_CH10_IRQHandler
                0x00008ce8        0x8 ./startup/startup_mcxn947_cm33_core0.o
                0x00008ce8                EDMA_1_CH10_IRQHandler
 .text.EDMA_1_CH11_IRQHandler
                0x00008cf0        0x8 ./startup/startup_mcxn947_cm33_core0.o
                0x00008cf0                EDMA_1_CH11_IRQHandler
 .text.EDMA_1_CH12_IRQHandler
                0x00008cf8        0x8 ./startup/startup_mcxn947_cm33_core0.o
                0x00008cf8                EDMA_1_CH12_IRQHandler
 .text.EDMA_1_CH13_IRQHandler
                0x00008d00        0x8 ./startup/startup_mcxn947_cm33_core0.o
                0x00008d00                EDMA_1_CH13_IRQHandler
 .text.EDMA_1_CH14_IRQHandler
                0x00008d08        0x8 ./startup/startup_mcxn947_cm33_core0.o
                0x00008d08                EDMA_1_CH14_IRQHandler
 .text.EDMA_1_CH15_IRQHandler
                0x00008d10        0x8 ./startup/startup_mcxn947_cm33_core0.o
                0x00008d10                EDMA_1_CH15_IRQHandler
 .text.CDOG0_IRQHandler
                0x00008d18        0x8 ./startup/startup_mcxn947_cm33_core0.o
                0x00008d18                CDOG0_IRQHandler
 .text.CDOG1_IRQHandler
                0x00008d20        0x8 ./startup/startup_mcxn947_cm33_core0.o
                0x00008d20                CDOG1_IRQHandler
 .text.I3C0_IRQHandler
                0x00008d28        0x8 ./startup/startup_mcxn947_cm33_core0.o
                0x00008d28                I3C0_IRQHandler
 .text.I3C1_IRQHandler
                0x00008d30        0x8 ./startup/startup_mcxn947_cm33_core0.o
                0x00008d30                I3C1_IRQHandler
 .text.NPU_IRQHandler
                0x00008d38        0x8 ./startup/startup_mcxn947_cm33_core0.o
                0x00008d38                NPU_IRQHandler
 .text.GDET_IRQHandler
                0x00008d40        0x8 ./startup/startup_mcxn947_cm33_core0.o
                0x00008d40                GDET_IRQHandler
 .text.VBAT0_IRQHandler
                0x00008d48        0x8 ./startup/startup_mcxn947_cm33_core0.o
                0x00008d48                VBAT0_IRQHandler
 .text.EWM0_IRQHandler
                0x00008d50        0x8 ./startup/startup_mcxn947_cm33_core0.o
                0x00008d50                EWM0_IRQHandler
 .text.TSI_END_OF_SCAN_IRQHandler
                0x00008d58        0x8 ./startup/startup_mcxn947_cm33_core0.o
                0x00008d58                TSI_END_OF_SCAN_IRQHandler
 .text.TSI_OUT_OF_SCAN_IRQHandler
                0x00008d60        0x8 ./startup/startup_mcxn947_cm33_core0.o
                0x00008d60                TSI_OUT_OF_SCAN_IRQHandler
 .text.EMVSIM0_IRQHandler
                0x00008d68        0x8 ./startup/startup_mcxn947_cm33_core0.o
                0x00008d68                EMVSIM0_IRQHandler
 .text.EMVSIM1_IRQHandler
                0x00008d70        0x8 ./startup/startup_mcxn947_cm33_core0.o
                0x00008d70                EMVSIM1_IRQHandler
 .text.FLEXIO_IRQHandler
                0x00008d78        0x8 ./startup/startup_mcxn947_cm33_core0.o
                0x00008d78                FLEXIO_IRQHandler
 .text.DAC0_IRQHandler
                0x00008d80        0x8 ./startup/startup_mcxn947_cm33_core0.o
                0x00008d80                DAC0_IRQHandler
 .text.DAC1_IRQHandler
                0x00008d88        0x8 ./startup/startup_mcxn947_cm33_core0.o
                0x00008d88                DAC1_IRQHandler
 .text.DAC2_IRQHandler
                0x00008d90        0x8 ./startup/startup_mcxn947_cm33_core0.o
                0x00008d90                DAC2_IRQHandler
 .text.HSCMP0_IRQHandler
                0x00008d98        0x8 ./startup/startup_mcxn947_cm33_core0.o
                0x00008d98                HSCMP0_IRQHandler
 .text.HSCMP1_IRQHandler
                0x00008da0        0x8 ./startup/startup_mcxn947_cm33_core0.o
                0x00008da0                HSCMP1_IRQHandler
 .text.HSCMP2_IRQHandler
                0x00008da8        0x8 ./startup/startup_mcxn947_cm33_core0.o
                0x00008da8                HSCMP2_IRQHandler
 .text.FLEXPWM0_RELOAD_ERROR_IRQHandler
                0x00008db0        0x8 ./startup/startup_mcxn947_cm33_core0.o
                0x00008db0                FLEXPWM0_RELOAD_ERROR_IRQHandler
 .text.FLEXPWM0_FAULT_IRQHandler
                0x00008db8        0x8 ./startup/startup_mcxn947_cm33_core0.o
                0x00008db8                FLEXPWM0_FAULT_IRQHandler
 .text.FLEXPWM0_SUBMODULE0_IRQHandler
                0x00008dc0        0x8 ./startup/startup_mcxn947_cm33_core0.o
                0x00008dc0                FLEXPWM0_SUBMODULE0_IRQHandler
 .text.FLEXPWM0_SUBMODULE1_IRQHandler
                0x00008dc8        0x8 ./startup/startup_mcxn947_cm33_core0.o
                0x00008dc8                FLEXPWM0_SUBMODULE1_IRQHandler
 .text.FLEXPWM0_SUBMODULE2_IRQHandler
                0x00008dd0        0x8 ./startup/startup_mcxn947_cm33_core0.o
                0x00008dd0                FLEXPWM0_SUBMODULE2_IRQHandler
 .text.FLEXPWM0_SUBMODULE3_IRQHandler
                0x00008dd8        0x8 ./startup/startup_mcxn947_cm33_core0.o
                0x00008dd8                FLEXPWM0_SUBMODULE3_IRQHandler
 .text.FLEXPWM1_RELOAD_ERROR_IRQHandler
                0x00008de0        0x8 ./startup/startup_mcxn947_cm33_core0.o
                0x00008de0                FLEXPWM1_RELOAD_ERROR_IRQHandler
 .text.FLEXPWM1_FAULT_IRQHandler
                0x00008de8        0x8 ./startup/startup_mcxn947_cm33_core0.o
                0x00008de8                FLEXPWM1_FAULT_IRQHandler
 .text.FLEXPWM1_SUBMODULE0_IRQHandler
                0x00008df0        0x8 ./startup/startup_mcxn947_cm33_core0.o
                0x00008df0                FLEXPWM1_SUBMODULE0_IRQHandler
 .text.FLEXPWM1_SUBMODULE1_IRQHandler
                0x00008df8        0x8 ./startup/startup_mcxn947_cm33_core0.o
                0x00008df8                FLEXPWM1_SUBMODULE1_IRQHandler
 .text.FLEXPWM1_SUBMODULE2_IRQHandler
                0x00008e00        0x8 ./startup/startup_mcxn947_cm33_core0.o
                0x00008e00                FLEXPWM1_SUBMODULE2_IRQHandler
 .text.FLEXPWM1_SUBMODULE3_IRQHandler
                0x00008e08        0x8 ./startup/startup_mcxn947_cm33_core0.o
                0x00008e08                FLEXPWM1_SUBMODULE3_IRQHandler
 .text.QDC0_COMPARE_IRQHandler
                0x00008e10        0x8 ./startup/startup_mcxn947_cm33_core0.o
                0x00008e10                QDC0_COMPARE_IRQHandler
 .text.QDC0_HOME_IRQHandler
                0x00008e18        0x8 ./startup/startup_mcxn947_cm33_core0.o
                0x00008e18                QDC0_HOME_IRQHandler
 .text.QDC0_WDG_SAB_IRQHandler
                0x00008e20        0x8 ./startup/startup_mcxn947_cm33_core0.o
                0x00008e20                QDC0_WDG_SAB_IRQHandler
 .text.QDC0_IDX_IRQHandler
                0x00008e28        0x8 ./startup/startup_mcxn947_cm33_core0.o
                0x00008e28                QDC0_IDX_IRQHandler
 .text.QDC1_COMPARE_IRQHandler
                0x00008e30        0x8 ./startup/startup_mcxn947_cm33_core0.o
                0x00008e30                QDC1_COMPARE_IRQHandler
 .text.QDC1_HOME_IRQHandler
                0x00008e38        0x8 ./startup/startup_mcxn947_cm33_core0.o
                0x00008e38                QDC1_HOME_IRQHandler
 .text.QDC1_WDG_SAB_IRQHandler
                0x00008e40        0x8 ./startup/startup_mcxn947_cm33_core0.o
                0x00008e40                QDC1_WDG_SAB_IRQHandler
 .text.QDC1_IDX_IRQHandler
                0x00008e48        0x8 ./startup/startup_mcxn947_cm33_core0.o
                0x00008e48                QDC1_IDX_IRQHandler
 .text.ITRC0_IRQHandler
                0x00008e50        0x8 ./startup/startup_mcxn947_cm33_core0.o
                0x00008e50                ITRC0_IRQHandler
 .text.BSP32_IRQHandler
                0x00008e58        0x8 ./startup/startup_mcxn947_cm33_core0.o
                0x00008e58                BSP32_IRQHandler
 .text.ELS_ERR_IRQHandler
                0x00008e60        0x8 ./startup/startup_mcxn947_cm33_core0.o
                0x00008e60                ELS_ERR_IRQHandler
 .text.PKC_ERR_IRQHandler
                0x00008e68        0x8 ./startup/startup_mcxn947_cm33_core0.o
                0x00008e68                PKC_ERR_IRQHandler
 .text.ERM_SINGLE_BIT_ERROR_IRQHandler
                0x00008e70        0x8 ./startup/startup_mcxn947_cm33_core0.o
                0x00008e70                ERM_SINGLE_BIT_ERROR_IRQHandler
 .text.ERM_MULTI_BIT_ERROR_IRQHandler
                0x00008e78        0x8 ./startup/startup_mcxn947_cm33_core0.o
                0x00008e78                ERM_MULTI_BIT_ERROR_IRQHandler
 .text.FMU0_IRQHandler
                0x00008e80        0x8 ./startup/startup_mcxn947_cm33_core0.o
                0x00008e80                FMU0_IRQHandler
 .text.ETHERNET_IRQHandler
                0x00008e88        0x8 ./startup/startup_mcxn947_cm33_core0.o
                0x00008e88                ETHERNET_IRQHandler
 .text.ETHERNET_PMT_IRQHandler
                0x00008e90        0x8 ./startup/startup_mcxn947_cm33_core0.o
                0x00008e90                ETHERNET_PMT_IRQHandler
 .text.ETHERNET_MACLP_IRQHandler
                0x00008e98        0x8 ./startup/startup_mcxn947_cm33_core0.o
                0x00008e98                ETHERNET_MACLP_IRQHandler
 .text.SINC_FILTER_IRQHandler
                0x00008ea0        0x8 ./startup/startup_mcxn947_cm33_core0.o
                0x00008ea0                SINC_FILTER_IRQHandler
 .text.LPTMR0_IRQHandler
                0x00008ea8        0x8 ./startup/startup_mcxn947_cm33_core0.o
                0x00008ea8                LPTMR0_IRQHandler
 .text.LPTMR1_IRQHandler
                0x00008eb0        0x8 ./startup/startup_mcxn947_cm33_core0.o
                0x00008eb0                LPTMR1_IRQHandler
 .text.SCG_IRQHandler
                0x00008eb8        0x8 ./startup/startup_mcxn947_cm33_core0.o
                0x00008eb8                SCG_IRQHandler
 .text.SPC_IRQHandler
                0x00008ec0        0x8 ./startup/startup_mcxn947_cm33_core0.o
                0x00008ec0                SPC_IRQHandler
 .text.WUU_IRQHandler
                0x00008ec8        0x8 ./startup/startup_mcxn947_cm33_core0.o
                0x00008ec8                WUU_IRQHandler
 .text.PORT_EFT_IRQHandler
                0x00008ed0        0x8 ./startup/startup_mcxn947_cm33_core0.o
                0x00008ed0                PORT_EFT_IRQHandler
 .text.ETB0_IRQHandler
                0x00008ed8        0x8 ./startup/startup_mcxn947_cm33_core0.o
                0x00008ed8                ETB0_IRQHandler
 .text.Reserved166_IRQHandler
                0x00008ee0        0x8 ./startup/startup_mcxn947_cm33_core0.o
                0x00008ee0                Reserved166_IRQHandler
 .text.Reserved167_IRQHandler
                0x00008ee8        0x8 ./startup/startup_mcxn947_cm33_core0.o
                0x00008ee8                Reserved167_IRQHandler
 .text.WWDT0_IRQHandler
                0x00008ef0        0x8 ./startup/startup_mcxn947_cm33_core0.o
                0x00008ef0                WWDT0_IRQHandler
 .text.WWDT1_IRQHandler
                0x00008ef8        0x8 ./startup/startup_mcxn947_cm33_core0.o
                0x00008ef8                WWDT1_IRQHandler
 .text.CMC0_IRQHandler
                0x00008f00        0x8 ./startup/startup_mcxn947_cm33_core0.o
                0x00008f00                CMC0_IRQHandler
 .text.CTI0_IRQHandler
                0x00008f08        0x8 ./startup/startup_mcxn947_cm33_core0.o
                0x00008f08                CTI0_IRQHandler
 .text.BOARD_USDHC1ClockConfiguration
                0x00008f10       0x1e ./source/sdmmc_config.o
                0x00008f10                BOARD_USDHC1ClockConfiguration
 .text.HardFault_Handler
                0x00008f2e       0x36 ./source/semihost_hardfault.o
                0x00008f2e                HardFault_Handler
 .text.USDHC_GetPresentStatusFlags
                0x00008f64       0x18 ./sdmmc/sd/fsl_sd.o
 .text.USDHC_ForceClockOn
                0x00008f7c       0x40 ./sdmmc/sd/fsl_sd.o
 .text.SDMMCHOST_SendCardActive
                0x00008fbc       0x1c ./sdmmc/sd/fsl_sd.o
 .text.SDMMCHOST_SetCardClock
                0x00008fd8       0x24 ./sdmmc/sd/fsl_sd.o
 .text.SDMMCHOST_IsCardBusy
                0x00008ffc       0x2c ./sdmmc/sd/fsl_sd.o
 .text.SDMMCHOST_GetSignalLineStatus
                0x00009028       0x24 ./sdmmc/sd/fsl_sd.o
 .text.SDMMCHOST_EnableDDRMode
                0x0000904c       0x24 ./sdmmc/sd/fsl_sd.o
 .text.SDMMCHOST_ForceClockOn
                0x00009070       0x22 ./sdmmc/sd/fsl_sd.o
 .text.SD_SwitchIOVoltage
                0x00009092       0x46 ./sdmmc/sd/fsl_sd.o
 .text.SD_Deinit
                0x000090d8       0x1c ./sdmmc/sd/fsl_sd.o
                0x000090d8                SD_Deinit
 .text.SD_HostDoReset
                0x000090f4       0x1a ./sdmmc/sd/fsl_sd.o
                0x000090f4                SD_HostDoReset
 .text.USDHC_EnableInterruptStatus
                0x0000910e       0x22 ./sdmmc/host/usdhc/non_blocking/fsl_sdmmc_host.o
 .text.USDHC_EnableInterruptSignal
                0x00009130       0x22 ./sdmmc/host/usdhc/non_blocking/fsl_sdmmc_host.o
 .text.USDHC_DisableInterruptSignal
                0x00009152       0x24 ./sdmmc/host/usdhc/non_blocking/fsl_sdmmc_host.o
 .text.USDHC_GetInterruptStatusFlags
                0x00009176       0x18 ./sdmmc/host/usdhc/non_blocking/fsl_sdmmc_host.o
 .text.USDHC_ClearInterruptStatusFlags
                0x0000918e       0x1c ./sdmmc/host/usdhc/non_blocking/fsl_sdmmc_host.o
 .text.USDHC_GetAdmaErrorStatusFlags
                0x000091aa       0x1c ./sdmmc/host/usdhc/non_blocking/fsl_sdmmc_host.o
 .text.USDHC_GetPresentStatusFlags
                0x000091c6       0x18 ./sdmmc/host/usdhc/non_blocking/fsl_sdmmc_host.o
 .text.USDHC_ForceClockOn
                0x000091de       0x40 ./sdmmc/host/usdhc/non_blocking/fsl_sdmmc_host.o
 .text.USDHC_SetDataBusWidth
                0x0000921e       0x2e ./sdmmc/host/usdhc/non_blocking/fsl_sdmmc_host.o
 .text.USDHC_CardDetectByData3
                0x0000924c       0x38 ./sdmmc/host/usdhc/non_blocking/fsl_sdmmc_host.o
 .text.USDHC_EnableAutoTuning
                0x00009284       0x38 ./sdmmc/host/usdhc/non_blocking/fsl_sdmmc_host.o
 .text.USDHC_GetTuningDelayStatus
                0x000092bc       0x1a ./sdmmc/host/usdhc/non_blocking/fsl_sdmmc_host.o
 .text.USDHC_SetStandardTuningCounter
                0x000092d6       0x30 ./sdmmc/host/usdhc/non_blocking/fsl_sdmmc_host.o
 .text.USDHC_GetExecuteStdTuningStatus
                0x00009306       0x1c ./sdmmc/host/usdhc/non_blocking/fsl_sdmmc_host.o
 .text.USDHC_CheckStdTuningResult
                0x00009322       0x1c ./sdmmc/host/usdhc/non_blocking/fsl_sdmmc_host.o
 .text.USDHC_CheckTuningError
                0x0000933e       0x1c ./sdmmc/host/usdhc/non_blocking/fsl_sdmmc_host.o
 .text.SDMMCHOST_DetectCardInsertByHost
                0x0000935a       0x84 ./sdmmc/host/usdhc/non_blocking/fsl_sdmmc_host.o
 .text.SDMMCHOST_DetectCardRemoveByHost
                0x000093de       0x84 ./sdmmc/host/usdhc/non_blocking/fsl_sdmmc_host.o
 .text.SDMMCHOST_CardDetectStatus
                0x00009462       0x96 ./sdmmc/host/usdhc/non_blocking/fsl_sdmmc_host.o
                0x00009462                SDMMCHOST_CardDetectStatus
 .text.SDMMCHOST_ConvertDataToLittleEndian
                0x000094f8       0xe2 ./sdmmc/host/usdhc/non_blocking/fsl_sdmmc_host.o
                0x000094f8                SDMMCHOST_ConvertDataToLittleEndian
 .text.SDMMCHOST_TransferCompleteCallback
                0x000095da       0x6a ./sdmmc/host/usdhc/non_blocking/fsl_sdmmc_host.o
 .text.SDMMCHOST_TransferFunction
                0x00009644      0x10c ./sdmmc/host/usdhc/non_blocking/fsl_sdmmc_host.o
                0x00009644                SDMMCHOST_TransferFunction
 .text.SDMMCHOST_ErrorRecovery
                0x00009750       0x54 ./sdmmc/host/usdhc/non_blocking/fsl_sdmmc_host.o
 .text.SDMMCHOST_SetCardPower
                0x000097a4       0x18 ./sdmmc/host/usdhc/non_blocking/fsl_sdmmc_host.o
                0x000097a4                SDMMCHOST_SetCardPower
 .text.SDMMCHOST_SetCardBusWidth
                0x000097bc       0x34 ./sdmmc/host/usdhc/non_blocking/fsl_sdmmc_host.o
                0x000097bc                SDMMCHOST_SetCardBusWidth
 .text.SDMMCHOST_Deinit
                0x000097f0       0x46 ./sdmmc/host/usdhc/non_blocking/fsl_sdmmc_host.o
                0x000097f0                SDMMCHOST_Deinit
 .text.SDMMCHOST_ExecuteStdTuning
                0x00009836      0x156 ./sdmmc/host/usdhc/non_blocking/fsl_sdmmc_host.o
 .text.SDMMC_CheckTuningResult
                0x0000998c       0xae ./sdmmc/host/usdhc/non_blocking/fsl_sdmmc_host.o
 .text.SDMMCHOST_ExecuteManualTuning
                0x00009a3a      0x1c8 ./sdmmc/host/usdhc/non_blocking/fsl_sdmmc_host.o
 .text.SDMMCHOST_ExecuteTuning
                0x00009c02       0x3e ./sdmmc/host/usdhc/non_blocking/fsl_sdmmc_host.o
                0x00009c02                SDMMCHOST_ExecuteTuning
 .text.SDMMC_GoIdle
                0x00009c40       0x56 ./sdmmc/common/fsl_sdmmc_common.o
                0x00009c40                SDMMC_GoIdle
 .text.sd_disk_status
                0x00009c96       0x22 ./fatfs/source/fsl_sd_disk/fsl_sd_disk.o
                0x00009c96                sd_disk_status
 .text.disk_status
                0x00009cb8       0x2c ./fatfs/source/diskio.o
                0x00009cb8                disk_status
 .text.disk_initialize
                0x00009ce4       0x2c ./fatfs/source/diskio.o
                0x00009ce4                disk_initialize
 .text.disk_read
                0x00009d10       0x36 ./fatfs/source/diskio.o
                0x00009d10                disk_read
 .text.disk_write
                0x00009d46       0x36 ./fatfs/source/diskio.o
                0x00009d46                disk_write
 .text.disk_ioctl
                0x00009d7c       0x36 ./fatfs/source/diskio.o
                0x00009d7c                disk_ioctl
 .text.ld_word  0x00009db2       0x32 ./fatfs/source/ff.o
 .text.ld_dword
                0x00009de4       0x46 ./fatfs/source/ff.o
 .text.st_word  0x00009e2a       0x36 ./fatfs/source/ff.o
 .text.st_dword
                0x00009e60       0x58 ./fatfs/source/ff.o
 .text.dbc_1st  0x00009eb8       0x22 ./fatfs/source/ff.o
 .text.dbc_2nd  0x00009eda       0x22 ./fatfs/source/ff.o
 .text.sync_window
                0x00009efc       0x78 ./fatfs/source/ff.o
 .text.move_window
                0x00009f74       0x5a ./fatfs/source/ff.o
 .text.clst2sect
                0x00009fce       0x3e ./fatfs/source/ff.o
 .text.get_fat  0x0000a00c      0x14e ./fatfs/source/ff.o
 .text.put_fat  0x0000a15a      0x1d4 ./fatfs/source/ff.o
 .text.remove_chain
                0x0000a32e       0xca ./fatfs/source/ff.o
 .text.create_chain
                0x0000a3f8      0x1a2 ./fatfs/source/ff.o
 .text.dir_clear
                0x0000a59a       0x90 ./fatfs/source/ff.o
 .text.dir_sdi  0x0000a62a       0xf6 ./fatfs/source/ff.o
 .text.dir_next
                0x0000a720      0x12c ./fatfs/source/ff.o
 .text.dir_alloc
                0x0000a84c       0x8e ./fatfs/source/ff.o
 .text.ld_clust
                0x0000a8da       0x3e ./fatfs/source/ff.o
 .text.st_clust
                0x0000a918       0x40 ./fatfs/source/ff.o
 .text.dir_read
                0x0000a958       0xba ./fatfs/source/ff.o
 .text.dir_find
                0x0000aa12       0xaa ./fatfs/source/ff.o
 .text.dir_register
                0x0000aabc       0x64 ./fatfs/source/ff.o
 .text.get_fileinfo
                0x0000ab20       0xce ./fatfs/source/ff.o
 .text.follow_path
                0x0000abee      0x11c ./fatfs/source/ff.o
 .text.find_volume
                0x0000ad0a       0xbe ./fatfs/source/ff.o
 .text.validate
                0x0000adc8       0x6a ./fatfs/source/ff.o
 .text.f_read   0x0000ae32      0x266 ./fatfs/source/ff.o
                0x0000ae32                f_read
 .text.f_write  0x0000b098      0x2d2 ./fatfs/source/ff.o
                0x0000b098                f_write
 .text.f_close  0x0000b36a       0x40 ./fatfs/source/ff.o
                0x0000b36a                f_close
 .text.f_lseek  0x0000b3aa      0x25a ./fatfs/source/ff.o
                0x0000b3aa                f_lseek
 .text.f_opendir
                0x0000b604       0xb2 ./fatfs/source/ff.o
                0x0000b604                f_opendir
 .text.f_readdir
                0x0000b6b6       0x7a ./fatfs/source/ff.o
                0x0000b6b6                f_readdir
 .text.CLOCK_GetPll0OutFreq
                0x0000b730       0x82 ./drivers/fsl_clock.o
                0x0000b730                CLOCK_GetPll0OutFreq
 .text.CLOCK_GetPll1OutFreq
                0x0000b7b2       0x82 ./drivers/fsl_clock.o
                0x0000b7b2                CLOCK_GetPll1OutFreq
 .text.DelayLoop
                0x0000b834       0x20 ./drivers/fsl_common_arm.o
 .text.CLOCK_EnableClock
                0x0000b854       0x8c ./drivers/fsl_gpio.o
 .text.CLOCK_DisableClock
                0x0000b8e0       0xb0 ./drivers/fsl_gpio.o
 .text.GPIO_PinWrite
                0x0000b990       0x36 ./drivers/fsl_gpio.o
 .text.GPIO_GpioGetInterruptFlags
                0x0000b9c6       0x1a ./drivers/fsl_gpio.o
                0x0000b9c6                GPIO_GpioGetInterruptFlags
 .text.GPIO_GpioClearInterruptFlags
                0x0000b9e0       0x1e ./drivers/fsl_gpio.o
                0x0000b9e0                GPIO_GpioClearInterruptFlags
 .text.CLOCK_EnableClock
                0x0000b9fe       0x8c ./drivers/fsl_lpflexcomm.o
 .text.LP_FLEXCOMM_PeripheralIsPresent
                0x0000ba8a       0x52 ./drivers/fsl_lpflexcomm.o
 .text.LP_FLEXCOMM0_DriverIRQHandler
                0x0000badc        0xe ./drivers/fsl_lpflexcomm.o
                0x0000badc                LP_FLEXCOMM0_DriverIRQHandler
 .text.LP_FLEXCOMM1_DriverIRQHandler
                0x0000baea        0xe ./drivers/fsl_lpflexcomm.o
                0x0000baea                LP_FLEXCOMM1_DriverIRQHandler
 .text.LP_FLEXCOMM2_DriverIRQHandler
                0x0000baf8        0xe ./drivers/fsl_lpflexcomm.o
                0x0000baf8                LP_FLEXCOMM2_DriverIRQHandler
 .text.LP_FLEXCOMM3_DriverIRQHandler
                0x0000bb06        0xe ./drivers/fsl_lpflexcomm.o
                0x0000bb06                LP_FLEXCOMM3_DriverIRQHandler
 .text.LP_FLEXCOMM4_DriverIRQHandler
                0x0000bb14        0xe ./drivers/fsl_lpflexcomm.o
                0x0000bb14                LP_FLEXCOMM4_DriverIRQHandler
 .text.LP_FLEXCOMM5_DriverIRQHandler
                0x0000bb22        0xe ./drivers/fsl_lpflexcomm.o
                0x0000bb22                LP_FLEXCOMM5_DriverIRQHandler
 .text.LP_FLEXCOMM6_DriverIRQHandler
                0x0000bb30        0xe ./drivers/fsl_lpflexcomm.o
                0x0000bb30                LP_FLEXCOMM6_DriverIRQHandler
 .text.LP_FLEXCOMM7_DriverIRQHandler
                0x0000bb3e        0xe ./drivers/fsl_lpflexcomm.o
                0x0000bb3e                LP_FLEXCOMM7_DriverIRQHandler
 .text.LP_FLEXCOMM8_DriverIRQHandler
                0x0000bb4c        0xe ./drivers/fsl_lpflexcomm.o
                0x0000bb4c                LP_FLEXCOMM8_DriverIRQHandler
 .text.LP_FLEXCOMM9_DriverIRQHandler
                0x0000bb5a        0xe ./drivers/fsl_lpflexcomm.o
                0x0000bb5a                LP_FLEXCOMM9_DriverIRQHandler
 .text.LPUART_SoftwareReset
                0x0000bb68       0x2c ./drivers/fsl_lpuart.o
 .text.SPC_GetActiveModeBandgapMode
                0x0000bb94       0x22 ./drivers/fsl_spc.o
 .text.SPC_GetActiveModeVoltageDetectStatus
                0x0000bbb6       0x22 ./drivers/fsl_spc.o
 .text.SPC_GetActiveModeCoreLDOVDDVoltageLevel
                0x0000bbd8       0x22 ./drivers/fsl_spc.o
 .text.SPC_GetActiveModeCoreLDODriveStrength
                0x0000bbfa       0x22 ./drivers/fsl_spc.o
 .text.SPC_SetActiveModeDCDCRegulatorVoltageLevel
                0x0000bc1c       0x32 ./drivers/fsl_spc.o
 .text.SPC_SetActiveModeCoreLDORegulatorVoltageLevel
                0x0000bc4e       0x60 ./drivers/fsl_spc.o
                0x0000bc4e                SPC_SetActiveModeCoreLDORegulatorVoltageLevel
 .text.SPC_SetActiveModeCoreLDORegulatorDriveStrength
                0x0000bcae       0x5e ./drivers/fsl_spc.o
                0x0000bcae                SPC_SetActiveModeCoreLDORegulatorDriveStrength
 .text.SPC_SetActiveModeDCDCRegulatorDriveStrength
                0x0000bd0c       0x48 ./drivers/fsl_spc.o
                0x0000bd0c                SPC_SetActiveModeDCDCRegulatorDriveStrength
 .text.CLOCK_EnableClock
                0x0000bd54       0x8c ./drivers/fsl_usdhc.o
 .text.CLOCK_DisableClock
                0x0000bde0       0xb0 ./drivers/fsl_usdhc.o
 .text.EnableIRQ
                0x0000be90       0x32 ./drivers/fsl_usdhc.o
 .text.USDHC_EnableInternalDMA
                0x0000bec2       0x44 ./drivers/fsl_usdhc.o
 .text.USDHC_EnableInterruptSignal
                0x0000bf06       0x22 ./drivers/fsl_usdhc.o
 .text.USDHC_DisableInterruptSignal
                0x0000bf28       0x24 ./drivers/fsl_usdhc.o
 .text.USDHC_GetEnabledInterruptStatusFlags
                0x0000bf4c       0x22 ./drivers/fsl_usdhc.o
 .text.USDHC_GetInterruptStatusFlags
                0x0000bf6e       0x18 ./drivers/fsl_usdhc.o
 .text.USDHC_ClearInterruptStatusFlags
                0x0000bf86       0x1c ./drivers/fsl_usdhc.o
 .text.USDHC_WriteData
                0x0000bfa2       0x1c ./drivers/fsl_usdhc.o
 .text.USDHC_ReadData
                0x0000bfbe       0x18 ./drivers/fsl_usdhc.o
 .text.USDHC_SetTransferConfig
                0x0000bfd6      0x146 ./drivers/fsl_usdhc.o
 .text.USDHC_ReadDataPort
                0x0000c11c       0xb0 ./drivers/fsl_usdhc.o
 .text.USDHC_WriteDataPort
                0x0000c1cc       0xb2 ./drivers/fsl_usdhc.o
 .text.USDHC_Deinit
                0x0000c27e       0x20 ./drivers/fsl_usdhc.o
                0x0000c27e                USDHC_Deinit
 .text.USDHC_Reset
                0x0000c29e       0x52 ./drivers/fsl_usdhc.o
                0x0000c29e                USDHC_Reset
 .text.USDHC_SetCardActive
                0x0000c2f0       0x4c ./drivers/fsl_usdhc.o
                0x0000c2f0                USDHC_SetCardActive
 .text.USDHC_EnableDDRMode
                0x0000c33c       0x88 ./drivers/fsl_usdhc.o
                0x0000c33c                USDHC_EnableDDRMode
 .text.USDHC_EnableManualTuning
                0x0000c3c4       0x54 ./drivers/fsl_usdhc.o
                0x0000c3c4                USDHC_EnableManualTuning
 .text.USDHC_EnableStandardTuning
                0x0000c418       0x90 ./drivers/fsl_usdhc.o
                0x0000c418                USDHC_EnableStandardTuning
 .text.USDHC_TransferHandleCardDetect
                0x0000c4a8       0x4c ./drivers/fsl_usdhc.o
 .text.USDHC_TransferHandleSdioInterrupt
                0x0000c4f4       0x28 ./drivers/fsl_usdhc.o
 .text.USDHC_TransferHandleBlockGap
                0x0000c51c       0x28 ./drivers/fsl_usdhc.o
 .text.SystemInitHook
                0x0000c544        0xe ./device/system_MCXN947_cm33_core0.o
                0x0000c544                SystemInitHook
 .text.HAL_UartGetStatus
                0x0000c552       0x28 ./component/uart/fsl_adapter_lpuart.o
 .text.DisableGlobalIRQ
                0x0000c57a       0x22 ./component/osa/fsl_os_abstraction_bm.o
 .text.EnableGlobalIRQ
                0x0000c59c       0x20 ./component/osa/fsl_os_abstraction_bm.o
 .text.OSA_EnterCritical
                0x0000c5bc       0x1a ./component/osa/fsl_os_abstraction_bm.o
                0x0000c5bc                OSA_EnterCritical
 .text.OSA_ExitCritical
                0x0000c5d6       0x16 ./component/osa/fsl_os_abstraction_bm.o
                0x0000c5d6                OSA_ExitCritical
 .text.OSA_MutexLock
                0x0000c5ec       0x52 ./component/osa/fsl_os_abstraction_bm.o
                0x0000c5ec                OSA_MutexLock
 .text.DisableGlobalIRQ
                0x0000c63e       0x22 ./component/gpio/fsl_adapter_gpio.o
 .text.EnableGlobalIRQ
                0x0000c660       0x20 ./component/gpio/fsl_adapter_gpio.o
 .text.GPIO_PinWrite
                0x0000c680       0x36 ./component/gpio/fsl_adapter_gpio.o
 .text.GPIO_PinRead
                0x0000c6b6       0x24 ./component/gpio/fsl_adapter_gpio.o
 .text.HAL_GpioConflictSearch
                0x0000c6da       0x4e ./component/gpio/fsl_adapter_gpio.o
 .text.HAL_GpioAddItem
                0x0000c728       0x6a ./component/gpio/fsl_adapter_gpio.o
 .text.GPIO00_DriverIRQHandler
                0x0000c792        0xe ./component/gpio/fsl_adapter_gpio.o
                0x0000c792                GPIO00_DriverIRQHandler
 .text.GPIO01_DriverIRQHandler
                0x0000c7a0        0xc ./component/gpio/fsl_adapter_gpio.o
                0x0000c7a0                GPIO01_DriverIRQHandler
 .text.GPIO10_DriverIRQHandler
                0x0000c7ac        0xe ./component/gpio/fsl_adapter_gpio.o
                0x0000c7ac                GPIO10_DriverIRQHandler
 .text.GPIO11_DriverIRQHandler
                0x0000c7ba        0xc ./component/gpio/fsl_adapter_gpio.o
                0x0000c7ba                GPIO11_DriverIRQHandler
 .text.GPIO20_DriverIRQHandler
                0x0000c7c6        0xe ./component/gpio/fsl_adapter_gpio.o
                0x0000c7c6                GPIO20_DriverIRQHandler
 .text.GPIO21_DriverIRQHandler
                0x0000c7d4        0xc ./component/gpio/fsl_adapter_gpio.o
                0x0000c7d4                GPIO21_DriverIRQHandler
 .text.GPIO30_DriverIRQHandler
                0x0000c7e0        0xe ./component/gpio/fsl_adapter_gpio.o
                0x0000c7e0                GPIO30_DriverIRQHandler
 .text.GPIO31_DriverIRQHandler
                0x0000c7ee        0xc ./component/gpio/fsl_adapter_gpio.o
                0x0000c7ee                GPIO31_DriverIRQHandler
 .text.GPIO40_DriverIRQHandler
                0x0000c7fa        0xe ./component/gpio/fsl_adapter_gpio.o
                0x0000c7fa                GPIO40_DriverIRQHandler
 .text.GPIO41_DriverIRQHandler
                0x0000c808        0xc ./component/gpio/fsl_adapter_gpio.o
                0x0000c808                GPIO41_DriverIRQHandler
 .text.GPIO50_DriverIRQHandler
                0x0000c814        0xe ./component/gpio/fsl_adapter_gpio.o
                0x0000c814                GPIO50_DriverIRQHandler
 .text.GPIO51_DriverIRQHandler
                0x0000c822        0xc ./component/gpio/fsl_adapter_gpio.o
                0x0000c822                GPIO51_DriverIRQHandler
 .text.CLOCK_EnableClock
                0x0000c82e       0x8c ./board/clock_config.o
 .text.BOARD_InitBootClocks
                0x0000c8ba        0xc ./board/clock_config.o
                0x0000c8ba                BOARD_InitBootClocks
 .text.CLOCK_EnableClock
                0x0000c8c6       0x8c ./board/hardware_init.o
 .text.BOARD_InitHardware
                0x0000c952       0x42 ./board/hardware_init.o
                0x0000c952                BOARD_InitHardware
 .text.CLOCK_EnableClock
                0x0000c994       0x8c ./board/pin_mux.o
 .text.__main   0x0000ca20        0xe C:/nxp/MCUXpressoIDE_24.12.148/ide/plugins/com.nxp.mcuxpresso.tools.win32_24.12.0.202407110909/tools/bin/../lib/gcc/arm-none-eabi/13.2.1/../../../../arm-none-eabi/lib/thumb/v8-m.main+fp/hard\libcr_nohost_nf.a(_cr__main.o)
                0x0000ca20                __main
 .text.memset   0x0000ca2e        0x4 C:/nxp/MCUXpressoIDE_24.12.148/ide/plugins/com.nxp.mcuxpresso.tools.win32_24.12.0.202407110909/tools/bin/../lib/gcc/arm-none-eabi/13.2.1/../../../../arm-none-eabi/lib/thumb/v8-m.main+fp/hard\libcr_c.a(memset.o)
                0x0000ca2e                memset
 .text.free     0x0000ca32       0x30 C:/nxp/MCUXpressoIDE_24.12.148/ide/plugins/com.nxp.mcuxpresso.tools.win32_24.12.0.202407110909/tools/bin/../lib/gcc/arm-none-eabi/13.2.1/../../../../arm-none-eabi/lib/thumb/v8-m.main+fp/hard\libcr_c.a(alloc.o)
                0x0000ca32                free
 .text.memcmp   0x0000ca62       0x42 C:/nxp/MCUXpressoIDE_24.12.148/ide/plugins/com.nxp.mcuxpresso.tools.win32_24.12.0.202407110909/tools/bin/../lib/gcc/arm-none-eabi/13.2.1/../../../../arm-none-eabi/lib/thumb/v8-m.main+fp/hard\libcr_c.a(memcmp.o)
                0x0000ca62                memcmp
 .text.setvbuf  0x0000caa4       0x3e C:/nxp/MCUXpressoIDE_24.12.148/ide/plugins/com.nxp.mcuxpresso.tools.win32_24.12.0.202407110909/tools/bin/../lib/gcc/arm-none-eabi/13.2.1/../../../../arm-none-eabi/lib/thumb/v8-m.main+fp/hard\libcr_c.a(setvbuf.o)
                0x0000caa4                setvbuf
 .text.strchr   0x0000cae2       0x18 C:/nxp/MCUXpressoIDE_24.12.148/ide/plugins/com.nxp.mcuxpresso.tools.win32_24.12.0.202407110909/tools/bin/../lib/gcc/arm-none-eabi/13.2.1/../../../../arm-none-eabi/lib/thumb/v8-m.main+fp/hard\libcr_c.a(strchr.o)
                0x0000cae2                strchr
 .text.strlen   0x0000cafa       0x4e C:/nxp/MCUXpressoIDE_24.12.148/ide/plugins/com.nxp.mcuxpresso.tools.win32_24.12.0.202407110909/tools/bin/../lib/gcc/arm-none-eabi/13.2.1/../../../../arm-none-eabi/lib/thumb/v8-m.main+fp/hard\libcr_c.a(strlen.o)
                0x0000cafa                strlen
 .text._deferredlazyseek
                0x0000cb48       0x40 C:/nxp/MCUXpressoIDE_24.12.148/ide/plugins/com.nxp.mcuxpresso.tools.win32_24.12.0.202407110909/tools/bin/../lib/gcc/arm-none-eabi/13.2.1/../../../../arm-none-eabi/lib/thumb/v8-m.main+fp/hard\libcr_c.a(_deferredlazyseek.o)
                0x0000cb48                _deferredlazyseek
 .text._fdopen  0x0000cb88       0x68 C:/nxp/MCUXpressoIDE_24.12.148/ide/plugins/com.nxp.mcuxpresso.tools.win32_24.12.0.202407110909/tools/bin/../lib/gcc/arm-none-eabi/13.2.1/../../../../arm-none-eabi/lib/thumb/v8-m.main+fp/hard\libcr_c.a(_fdopen.o)
                0x0000cb88                _fdopen
 .text._fflush  0x0000cbf0       0x52 C:/nxp/MCUXpressoIDE_24.12.148/ide/plugins/com.nxp.mcuxpresso.tools.win32_24.12.0.202407110909/tools/bin/../lib/gcc/arm-none-eabi/13.2.1/../../../../arm-none-eabi/lib/thumb/v8-m.main+fp/hard\libcr_c.a(_fflush.o)
                0x0000cbf0                _fflush
 .text.fclose   0x0000cc42       0x58 C:/nxp/MCUXpressoIDE_24.12.148/ide/plugins/com.nxp.mcuxpresso.tools.win32_24.12.0.202407110909/tools/bin/../lib/gcc/arm-none-eabi/13.2.1/../../../../arm-none-eabi/lib/thumb/v8-m.main+fp/hard\libcr_c.a(fclose.o)
                0x0000cc42                fclose
 .text.remove   0x0000cc9a       0x14 C:/nxp/MCUXpressoIDE_24.12.148/ide/plugins/com.nxp.mcuxpresso.tools.win32_24.12.0.202407110909/tools/bin/../lib/gcc/arm-none-eabi/13.2.1/../../../../arm-none-eabi/lib/thumb/v8-m.main+fp/hard\libcr_c.a(remove.o)
                0x0000cc9a                remove
 .text._do_fflush
                0x0000ccae       0x40 C:/nxp/MCUXpressoIDE_24.12.148/ide/plugins/com.nxp.mcuxpresso.tools.win32_24.12.0.202407110909/tools/bin/../lib/gcc/arm-none-eabi/13.2.1/../../../../arm-none-eabi/lib/thumb/v8-m.main+fp/hard\libcr_c.a(_do_fflush.o)
                0x0000ccae                _do_fflush
 .text.__aeabi_division_uldivmod
                0x0000ccee      0x174 C:/nxp/MCUXpressoIDE_24.12.148/ide/plugins/com.nxp.mcuxpresso.tools.win32_24.12.0.202407110909/tools/bin/../lib/gcc/arm-none-eabi/13.2.1/thumb/v8-m.main+fp/hard\libcr_eabihelpers.a(division_64.o)
                0x0000ccee                __aeabi_uldivmod
                0x0000ccf2                __bhs_ldivmod1
 .text.__aeabi_division_idiv0
                0x0000ce62        0x2 C:/nxp/MCUXpressoIDE_24.12.148/ide/plugins/com.nxp.mcuxpresso.tools.win32_24.12.0.202407110909/tools/bin/../lib/gcc/arm-none-eabi/13.2.1/thumb/v8-m.main+fp/hard\libcr_eabihelpers.a(division_idiv0.o)
                0x0000ce62                __aeabi_idiv0
 .text.__aeabi_f2ulz
                0x0000ce64       0x3e C:/nxp/MCUXpressoIDE_24.12.148/ide/plugins/com.nxp.mcuxpresso.tools.win32_24.12.0.202407110909/tools/bin/../lib/gcc/arm-none-eabi/13.2.1/thumb/v8-m.main+fp/hard\libcr_eabihelpers.a(float.o)
                0x0000ce64                __aeabi_f2ulz
 .text.__aeabi_memset_lowlevel
                0x0000cea2       0x32 C:/nxp/MCUXpressoIDE_24.12.148/ide/plugins/com.nxp.mcuxpresso.tools.win32_24.12.0.202407110909/tools/bin/../lib/gcc/arm-none-eabi/13.2.1/thumb/v8-m.main+fp/hard\libcr_eabihelpers.a(memcpy.o)
                0x0000cea2                __aeabi_lowlevel_memset
 .text.__sys_close
                0x0000ced4        0x6 C:/nxp/MCUXpressoIDE_24.12.148/ide/plugins/com.nxp.mcuxpresso.tools.win32_24.12.0.202407110909/tools/bin/../lib/gcc/arm-none-eabi/13.2.1/../../../../arm-none-eabi/lib/thumb/v8-m.main+fp/hard\libcr_nohost_nf.a(__sys_close.o)
                0x0000ced4                __sys_close
 .text.__sys_flen
                0x0000ceda        0x6 C:/nxp/MCUXpressoIDE_24.12.148/ide/plugins/com.nxp.mcuxpresso.tools.win32_24.12.0.202407110909/tools/bin/../lib/gcc/arm-none-eabi/13.2.1/../../../../arm-none-eabi/lib/thumb/v8-m.main+fp/hard\libcr_nohost_nf.a(__sys_flen.o)
                0x0000ceda                __sys_flen
 .text.__sys_istty
                0x0000cee0        0x6 C:/nxp/MCUXpressoIDE_24.12.148/ide/plugins/com.nxp.mcuxpresso.tools.win32_24.12.0.202407110909/tools/bin/../lib/gcc/arm-none-eabi/13.2.1/../../../../arm-none-eabi/lib/thumb/v8-m.main+fp/hard\libcr_nohost_nf.a(__sys_istty.o)
                0x0000cee0                __sys_istty
 .text.__sys_remove
                0x0000cee6        0x6 C:/nxp/MCUXpressoIDE_24.12.148/ide/plugins/com.nxp.mcuxpresso.tools.win32_24.12.0.202407110909/tools/bin/../lib/gcc/arm-none-eabi/13.2.1/../../../../arm-none-eabi/lib/thumb/v8-m.main+fp/hard\libcr_nohost_nf.a(__sys_remove.o)
                0x0000cee6                __sys_remove
 .text.__sys_seek
                0x0000ceec        0x6 C:/nxp/MCUXpressoIDE_24.12.148/ide/plugins/com.nxp.mcuxpresso.tools.win32_24.12.0.202407110909/tools/bin/../lib/gcc/arm-none-eabi/13.2.1/../../../../arm-none-eabi/lib/thumb/v8-m.main+fp/hard\libcr_nohost_nf.a(__sys_seek.o)
                0x0000ceec                __sys_seek
 .text.__sys_tmpnam
                0x0000cef2        0x6 C:/nxp/MCUXpressoIDE_24.12.148/ide/plugins/com.nxp.mcuxpresso.tools.win32_24.12.0.202407110909/tools/bin/../lib/gcc/arm-none-eabi/13.2.1/../../../../arm-none-eabi/lib/thumb/v8-m.main+fp/hard\libcr_nohost_nf.a(__sys_tmpnam.o)
                0x0000cef2                __sys_tmpnam
 .text.__sys_write